<html>
<body>
<pre>
<h1>礦ision Build Log</h1>
<h2>Tool Versions:</h2>
IDE-Version: μVision V5.14.0.0
Copyright (C) 2015 ARM Ltd and ARM Germany GmbH. All rights reserved.
License Information: wu junqiang, BUPT, LIC=V85DY-IYF0F-23PM4-FHLXQ-H6EJY-FZQVG
 
Tool Versions:
Toolchain:       MDK-ARM Professional  Version: 5.14.0.0
Toolchain Path:  C:\Keil_v5\ARM\ARMCC\Bin
C Compiler:      Armcc.exe V5.05 update 1 (build 106)
Assembler:       Armasm.exe V5.05 update 1 (build 106)
Linker/Locator:  ArmLink.exe V5.05 update 1 (build 106)
Library Manager: ArmAr.exe V5.05 update 1 (build 106)
Hex Converter:   FromElf.exe V5.05 update 1 (build 106)
CPU DLL:         SARMCM3.DLL V5.14.0.0
Dialog DLL:      DCM.DLL V1.13.1.0
Target DLL:      STLink\ST-LINKIII-KEIL_SWO.dll V2.0.14.0_KEIL
Dialog DLL:      TCM.DLL V1.14.4.0
 
<h2>Project:</h2>
C:\Users\Wjq\Desktop\STM32_MPU605_DMP\USER\MPU6050.uvprojx
Project File Date:  07/25/2017

<h2>Output:</h2>
Build target 'MPU6050'
compiling main.c...
main.c(26): warning:  #177-D: variable "temp" was declared but never referenced
          short temp;                                   //温度      
main.c: 1 warning, 0 errors
compiling stm32f10x_it.c...
compiling system_stm32f10x.c...
compiling TIM.c...
..\HARDWARE\TIM\TIM.c(72): warning:  #177-D: variable "NVIC_InitStructure" was declared but never referenced
    NVIC_InitTypeDef NVIC_InitStructure;        
..\HARDWARE\TIM\TIM.c: 1 warning, 0 errors
compiling led.c...
compiling PID.c...
compiling Control_Motor.c...
..\HARDWARE\Control_Motor.c(178): warning:  #223-D: function "abs" declared implicitly
        if(abs(pitch)<45.0 && abs(roll)<45.0)   //小于45度才进行制动
..\HARDWARE\Control_Motor.c(216): warning:  #1-D: last line of file ends without a newline
  }
..\HARDWARE\Control_Motor.c(202): warning:  #177-D: variable "set_x" was declared but never referenced
        float set_x = 0.0;
..\HARDWARE\Control_Motor.c(203): warning:  #177-D: variable "set_y" was declared but never referenced
        float set_y = 0.0;
..\HARDWARE\Control_Motor.c(204): warning:  #550-D: variable "A" was set but never used
        float A = 0.0;
..\HARDWARE\Control_Motor.c(205): warning:  #177-D: variable "phase" was declared but never referenced
        float phase = 0.0;
..\HARDWARE\Control_Motor.c(207): warning:  #550-D: variable "Omega" was set but never used
        float Omega = 0.0;
..\HARDWARE\Control_Motor.c: 7 warnings, 0 errors
compiling pwm.c...
compiling KEY.c...
compiling oled.c...
..\HARDWARE\oled.h(65): warning:  #1295-D: Deprecated declaration Picture - give arg types
  void Picture();
..\HARDWARE\oled.h(66): warning:  #1295-D: Deprecated declaration IIC_Start - give arg types
  void IIC_Start();
..\HARDWARE\oled.h(67): warning:  #1295-D: Deprecated declaration IIC_Stop - give arg types
  void IIC_Stop();
..\HARDWARE\oled.h(72): warning:  #1295-D: Deprecated declaration IIC_Wait_Ack - give arg types
  void IIC_Wait_Ack();
..\HARDWARE\oled.h(74): warning:  #1-D: last line of file ends without a newline
         
..\HARDWARE\oled.c: 5 warnings, 0 errors
compiling mpuiic.c...
compiling USART_Function.c...
..\HARDWARE\USART_Function.c(21): warning:  #177-D: variable "param" was declared but never referenced
      float param;
..\HARDWARE\USART_Function.c(30): warning:  #177-D: variable "param" was declared but never referenced
        float param;
..\HARDWARE\USART_Function.c(40): warning:  #177-D: variable "param" was declared but never referenced
        float param;
..\HARDWARE\USART_Function.c(50): warning:  #177-D: variable "param" was declared but never referenced
        float param;
..\HARDWARE\USART_Function.c(61): warning:  #177-D: variable "param" was declared but never referenced
        float param;
..\HARDWARE\USART_Function.c(71): warning:  #177-D: variable "param" was declared but never referenced
        float param;
..\HARDWARE\USART_Function.c(80): warning:  #177-D: variable "param" was declared but never referenced
        float param;
..\HARDWARE\USART_Function.c(89): warning:  #177-D: variable "param" was declared but never referenced
        float param;
..\HARDWARE\USART_Function.c: 8 warnings, 0 errors
compiling USART2.c...
compiling mpu6050.c...
compiling inv_mpu_dmp_motion_driver.c...
compiling inv_mpu.c...
compiling outputdata.c...
compiling delay.c...
compiling sys.c...
compiling usart.c...
compiling core_cm3.c...
assembling startup_stm32f10x_hd.s...
compiling stm32f10x_gpio.c...
compiling stm32f10x_rcc.c...
compiling stm32f10x_usart.c...
compiling misc.c...
compiling stm32f10x_tim.c...
compiling stm32f10x_adc.c...
compiling stm32f10x_bkp.c...
compiling stm32f10x_can.c...
compiling stm32f10x_cec.c...
compiling stm32f10x_crc.c...
compiling stm32f10x_dac.c...
compiling stm32f10x_dbgmcu.c...
compiling stm32f10x_dma.c...
compiling stm32f10x_exti.c...
compiling stm32f10x_flash.c...
compiling stm32f10x_fsmc.c...
compiling stm32f10x_i2c.c...
compiling stm32f10x_iwdg.c...
compiling stm32f10x_pwr.c...
compiling stm32f10x_rtc.c...
compiling stm32f10x_sdio.c...
compiling stm32f10x_spi.c...
compiling stm32f10x_wwdg.c...
linking...
Program Size: Code=46164 RO-data=4692 RW-data=608 ZI-data=1984  
FromELF: creating hex file...
"..\OBJ\MPU6050.axf" - 0 Error(s), 22 Warning(s).

<h2>Collection of Component include folders:</h2>
  C:\Users\Wjq\Desktop\STM32_MPU605_DMP\USER\RTE
  C:\Keil_v5\ARM\PACK\Keil\STM32F1xx_DFP\1.0.5\Device\Include

<h2>Collection of Component Files used:</h2>
</pre>
</body>
</html>
