<html>
<body>
<pre>
<h1>礦ision Build Log</h1>
<h2>Tool Versions:</h2>
IDE-Version: μVision V5.14.0.0
Copyright (C) 2015 ARM Ltd and ARM Germany GmbH. All rights reserved.
License Information: wu junqiang, BUPT, LIC=V85DY-IYF0F-23PM4-FHLXQ-H6EJY-FZQVG
 
Tool Versions:
Toolchain:       MDK-ARM Professional  Version: 5.14.0.0
Toolchain Path:  C:\Keil_v5\ARM\ARMCC\Bin
C Compiler:      Armcc.exe V5.05 update 1 (build 106)
Assembler:       Armasm.exe V5.05 update 1 (build 106)
Linker/Locator:  ArmLink.exe V5.05 update 1 (build 106)
Library Manager: ArmAr.exe V5.05 update 1 (build 106)
Hex Converter:   FromElf.exe V5.05 update 1 (build 106)
CPU DLL:         SARMCM3.DLL V5.14.0.0
Dialog DLL:      DARMSTM.DLL V1.65.0.0
Target DLL:      Segger\JL2CM3.dll V2.99.13.0
Dialog DLL:      TARMSTM.DLL V1.64.0.0
 
<h2>Project:</h2>
C:\Users\Wjq\Desktop\STM32F103RBT6_BLDC控制PID\STM32F103RB.uvprojx
Project File Date:  05/18/2017

<h2>Output:</h2>
Build target 'STM32F103RB'
compiling main.c...
main.c(155): warning:  #167-D: argument of type "char *" is incompatible with parameter of type "u8 *"
                LCD_ShowString(160,160,200,16,24,f1);  //写电量位置  
main.c(162): warning:  #111-D: statement is unreachable
              break;              
main.c(415): warning:  #167-D: argument of type "char *" is incompatible with parameter of type "u8 *"
         LCD_ShowString(77,222,200,16,24,a1);   //TIME
main.c(418): warning:  #167-D: argument of type "char *" is incompatible with parameter of type "u8 *"
         LCD_ShowString(65,222,200,16,24,a1);   //TIME
main.c(423): warning:  #167-D: argument of type "char *" is incompatible with parameter of type "u8 *"
       LCD_ShowString(44,222,200,16,24,f1);     //TIME
main.c(425): warning:  #167-D: argument of type "char *" is incompatible with parameter of type "u8 *"
         LCD_ShowString(32,222,200,16,24,f1);   //TIME
main.c(428): warning:  #167-D: argument of type "char *" is incompatible with parameter of type "u8 *"
       LCD_ShowString(25,287,200,16,24,b1); //MILE
main.c(429): warning:  #167-D: argument of type "char *" is incompatible with parameter of type "u8 *"
         LCD_ShowString(20,90,200,16,96,c1);    //ASSIST
main.c(430): warning:  #167-D: argument of type "char *" is incompatible with parameter of type "u8 *"
         LCD_ShowString(110,100,200,16,48,d1); //SPEED
main.c(431): warning:  #167-D: argument of type "char *" is incompatible with parameter of type "u8 *"
       LCD_ShowString(140,230,200,16,48,e1); //FRE
main.c(469): warning:  #167-D: argument of type "char *" is incompatible with parameter of type "u8 *"
         LCD_ShowString(149,128,200,16,24,c1);  //TIME
main.c(472): warning:  #167-D: argument of type "char *" is incompatible with parameter of type "u8 *"
         LCD_ShowString(137,128,200,16,24,c1);  //TIME
main.c(477): warning:  #167-D: argument of type "char *" is incompatible with parameter of type "u8 *"
       LCD_ShowString(117,128,200,16,24,g1);    //TIME
main.c(479): warning:  #167-D: argument of type "char *" is incompatible with parameter of type "u8 *"
         LCD_ShowString(105,128,200,16,24,g1);  //TIME
main.c(482): warning:  #167-D: argument of type "char *" is incompatible with parameter of type "u8 *"
       LCD_ShowString(130,68,200,16,24,a1);    //Mile_Sum
main.c(483): warning:  #167-D: argument of type "char *" is incompatible with parameter of type "u8 *"
       LCD_ShowString(130,98,200,16,24,b1);   //Mile_sin
main.c(485): warning:  #167-D: argument of type "char *" is incompatible with parameter of type "u8 *"
       LCD_ShowString(120,160,200,16,24,d1);  //Speed
main.c(486): warning:  #167-D: argument of type "char *" is incompatible with parameter of type "u8 *"
       LCD_ShowString(130,188,200,16,24,e1);  //Fre_Sum
main.c(487): warning:  #167-D: argument of type "char *" is incompatible with parameter of type "u8 *"
       LCD_ShowString(130,218,200,16,24,f1);  //Fre_Aver
main.c: 19 warnings, 0 errors
compiling stm32f10x_it.c...
compiling core_cm3.c...
compiling system_stm32f10x.c...
compiling misc.c...
compiling stm32f10x_adc.c...
compiling stm32f10x_bkp.c...
compiling stm32f10x_can.c...
compiling stm32f10x_crc.c...
compiling stm32f10x_dac.c...
compiling stm32f10x_dbgmcu.c...
compiling stm32f10x_dma.c...
compiling stm32f10x_exti.c...
compiling stm32f10x_flash.c...
compiling stm32f10x_fsmc.c...
compiling stm32f10x_gpio.c...
compiling stm32f10x_i2c.c...
compiling stm32f10x_iwdg.c...
compiling stm32f10x_pwr.c...
compiling stm32f10x_rcc.c...
compiling stm32f10x_rtc.c...
compiling stm32f10x_sdio.c...
compiling stm32f10x_spi.c...
compiling stm32f10x_tim.c...
compiling stm32f10x_usart.c...
compiling stm32f10x_wwdg.c...
compiling BLDC.c...
compiling KEY.c...
Drive\KEY\src\KEY.c(39): warning:  #186-D: pointless comparison of unsigned integer with zero
             if((KEY_Time<=100)&&(KEY_Time>=0))                         
Drive\KEY\src\KEY.c(54): warning:  #186-D: pointless comparison of unsigned integer with zero
             if((KEY_Time<=100)&&(KEY_Time>=0))                         
Drive\KEY\src\KEY.c(69): warning:  #186-D: pointless comparison of unsigned integer with zero
         if((KEY_Time<=100)&&(KEY_Time>=0))                             
Drive\KEY\src\KEY.c: 3 warnings, 0 errors
compiling USART2.c...
compiling PID.c...
compiling ADC.c...
compiling TIM.c...
compiling EXTI.c...
compiling delay.c...
compiling RCC.c...
compiling Flash.c...
compiling lcd.c...
compiling spi.c...
compiling sys.c...
linking...
Program Size: Code=25754 RO-data=81342 RW-data=156 ZI-data=2924  
FromELF: creating hex file...
".\obj\STM32F103RB.axf" - 0 Error(s), 22 Warning(s).

<h2>Collection of Component include folders:</h2>
  C:\Users\Wjq\Desktop\STM32F103RBT6_BLDC控制PID\RTE
  C:\Keil_v5\ARM\PACK\Keil\STM32F1xx_DFP\1.0.5\Device\Include

<h2>Collection of Component Files used:</h2>
</pre>
</body>
</html>
