Component: ARM Compiler 5.05 update 1 (build 106) Tool: armlink [4d0efa]

==============================================================================

Section Cross References

    main.o(i.NVIC_Config) refers to misc.o(i.NVIC_PriorityGroupConfig) for NVIC_PriorityGroupConfig
    main.o(i.NVIC_Config) refers to misc.o(i.NVIC_Init) for NVIC_Init
    main.o(i.USART_Reci) refers to pwm.o(i.Motor1) for Motor1
    main.o(i.USART_Reci) refers to usart2.o(.data) for USART1_RX_STA
    main.o(i.USART_Reci) refers to usart2.o(.bss) for USART1_RX_BUF
    main.o(i.USART_Reci) refers to main.o(.data) for SET_SPEED
    main.o(i.main) refers to rcc.o(i.Rcc_init) for Rcc_init
    main.o(i.main) refers to main.o(i.NVIC_Config) for NVIC_Config
    main.o(i.main) refers to delay.o(i.delay_init) for delay_init
    main.o(i.main) refers to stm32f10x_gpio.o(i.GPIO_SetBits) for GPIO_SetBits
    main.o(i.main) refers to pwm.o(i.PWM_Init) for PWM_Init
    main.o(i.main) refers to usart2.o(i.USART1_GPIOConfig) for USART1_GPIOConfig
    main.o(i.main) refers to usart2.o(i.USART1_Config) for USART1_Config
    main.o(i.main) refers to tim.o(i.TIM1_init) for TIM1_init
    main.o(i.main) refers to tim.o(i.TIM2_init) for TIM2_init
    main.o(i.main) refers to tim.o(i.TIM4_Init) for TIM4_Init
    main.o(i.main) refers to pid.o(i.Motor_Slave_Pid_Init) for Motor_Slave_Pid_Init
    main.o(i.main) refers to pid.o(i.Motor_Pid_Init) for Motor_Pid_Init
    main.o(i.main) refers to main.o(.data) for Adjust_Mode_Flag
    system_stm32f10x.o(i.SetSysClock) refers to system_stm32f10x.o(i.SetSysClockTo72) for SetSysClockTo72
    system_stm32f10x.o(i.SystemCoreClockUpdate) refers to system_stm32f10x.o(.data) for SystemCoreClock
    system_stm32f10x.o(i.SystemInit) refers to system_stm32f10x.o(i.SetSysClock) for SetSysClock
    startup_stm32f10x_md.o(STACK) refers (Special) to heapauxi.o(.text) for __use_two_region_memory
    startup_stm32f10x_md.o(HEAP) refers (Special) to heapauxi.o(.text) for __use_two_region_memory
    startup_stm32f10x_md.o(RESET) refers (Special) to heapauxi.o(.text) for __use_two_region_memory
    startup_stm32f10x_md.o(RESET) refers to startup_stm32f10x_md.o(STACK) for __initial_sp
    startup_stm32f10x_md.o(RESET) refers to startup_stm32f10x_md.o(.text) for Reset_Handler
    startup_stm32f10x_md.o(RESET) refers to adc.o(i.ADC1_2_IRQHandler) for ADC1_2_IRQHandler
    startup_stm32f10x_md.o(RESET) refers to tim.o(i.TIM4_IRQHandler) for TIM4_IRQHandler
    startup_stm32f10x_md.o(RESET) refers to usart2.o(i.USART1_IRQHandler) for USART1_IRQHandler
    startup_stm32f10x_md.o(.text) refers (Special) to heapauxi.o(.text) for __use_two_region_memory
    startup_stm32f10x_md.o(.text) refers to system_stm32f10x.o(i.SystemInit) for SystemInit
    startup_stm32f10x_md.o(.text) refers to __main.o(!!!main) for __main
    startup_stm32f10x_md.o(.text) refers to startup_stm32f10x_md.o(HEAP) for Heap_Mem
    startup_stm32f10x_md.o(.text) refers to startup_stm32f10x_md.o(STACK) for Stack_Mem
    stm32f10x_adc.o(i.ADC_DeInit) refers to stm32f10x_rcc.o(i.RCC_APB2PeriphResetCmd) for RCC_APB2PeriphResetCmd
    stm32f10x_bkp.o(i.BKP_DeInit) refers to stm32f10x_rcc.o(i.RCC_BackupResetCmd) for RCC_BackupResetCmd
    stm32f10x_can.o(i.CAN_DeInit) refers to stm32f10x_rcc.o(i.RCC_APB1PeriphResetCmd) for RCC_APB1PeriphResetCmd
    stm32f10x_can.o(i.CAN_GetITStatus) refers to stm32f10x_can.o(i.CheckITStatus) for CheckITStatus
    stm32f10x_dac.o(i.DAC_DeInit) refers to stm32f10x_rcc.o(i.RCC_APB1PeriphResetCmd) for RCC_APB1PeriphResetCmd
    stm32f10x_flash.o(i.FLASH_EnableWriteProtection) refers to stm32f10x_flash.o(i.FLASH_WaitForLastOperation) for FLASH_WaitForLastOperation
    stm32f10x_flash.o(i.FLASH_EraseAllBank1Pages) refers to stm32f10x_flash.o(i.FLASH_WaitForLastBank1Operation) for FLASH_WaitForLastBank1Operation
    stm32f10x_flash.o(i.FLASH_EraseAllPages) refers to stm32f10x_flash.o(i.FLASH_WaitForLastOperation) for FLASH_WaitForLastOperation
    stm32f10x_flash.o(i.FLASH_EraseOptionBytes) refers to stm32f10x_flash.o(i.FLASH_GetReadOutProtectionStatus) for FLASH_GetReadOutProtectionStatus
    stm32f10x_flash.o(i.FLASH_EraseOptionBytes) refers to stm32f10x_flash.o(i.FLASH_WaitForLastOperation) for FLASH_WaitForLastOperation
    stm32f10x_flash.o(i.FLASH_ErasePage) refers to stm32f10x_flash.o(i.FLASH_WaitForLastOperation) for FLASH_WaitForLastOperation
    stm32f10x_flash.o(i.FLASH_ProgramHalfWord) refers to stm32f10x_flash.o(i.FLASH_WaitForLastOperation) for FLASH_WaitForLastOperation
    stm32f10x_flash.o(i.FLASH_ProgramOptionByteData) refers to stm32f10x_flash.o(i.FLASH_WaitForLastOperation) for FLASH_WaitForLastOperation
    stm32f10x_flash.o(i.FLASH_ProgramWord) refers to stm32f10x_flash.o(i.FLASH_WaitForLastOperation) for FLASH_WaitForLastOperation
    stm32f10x_flash.o(i.FLASH_ReadOutProtection) refers to stm32f10x_flash.o(i.FLASH_WaitForLastOperation) for FLASH_WaitForLastOperation
[...]
    i.Motor2                                 0x08001a14   Section        0  pwm.o(i.Motor2)
    i.Motor_Pid_Init                         0x08001a3c   Section        0  pid.o(i.Motor_Pid_Init)
    i.Motor_Slave_PIDAdjust                  0x08001a80   Section        0  pid.o(i.Motor_Slave_PIDAdjust)
    i.Motor_Slave_Pid_Init                   0x08001c5c   Section        0  pid.o(i.Motor_Slave_Pid_Init)
    i.NVIC_Config                            0x08001ca0   Section        0  main.o(i.NVIC_Config)
    i.NVIC_Init                              0x08001ce8   Section        0  misc.o(i.NVIC_Init)
    i.NVIC_PriorityGroupConfig               0x08001d58   Section        0  misc.o(i.NVIC_PriorityGroupConfig)
    i.PWM_Init                               0x08001d6c   Section        0  pwm.o(i.PWM_Init)
    i.RCC_APB1PeriphClockCmd                 0x08001e5c   Section        0  stm32f10x_rcc.o(i.RCC_APB1PeriphClockCmd)
    i.RCC_APB1PeriphResetCmd                 0x08001e7c   Section        0  stm32f10x_rcc.o(i.RCC_APB1PeriphResetCmd)
    i.RCC_APB2PeriphClockCmd                 0x08001e9c   Section        0  stm32f10x_rcc.o(i.RCC_APB2PeriphClockCmd)
    i.RCC_APB2PeriphResetCmd                 0x08001ebc   Section        0  stm32f10x_rcc.o(i.RCC_APB2PeriphResetCmd)
    i.RCC_DeInit                             0x08001edc   Section        0  stm32f10x_rcc.o(i.RCC_DeInit)
    i.RCC_GetClocksFreq                      0x08001f28   Section        0  stm32f10x_rcc.o(i.RCC_GetClocksFreq)
    i.RCC_GetFlagStatus                      0x08001ffc   Section        0  stm32f10x_rcc.o(i.RCC_GetFlagStatus)
    i.RCC_GetSYSCLKSource                    0x08002038   Section        0  stm32f10x_rcc.o(i.RCC_GetSYSCLKSource)
    i.RCC_HCLKConfig                         0x08002048   Section        0  stm32f10x_rcc.o(i.RCC_HCLKConfig)
    i.RCC_HSEConfig                          0x08002060   Section        0  stm32f10x_rcc.o(i.RCC_HSEConfig)
    i.RCC_PCLK1Config                        0x080020ac   Section        0  stm32f10x_rcc.o(i.RCC_PCLK1Config)
    i.RCC_PCLK2Config                        0x080020c4   Section        0  stm32f10x_rcc.o(i.RCC_PCLK2Config)
    i.RCC_PLLCmd                             0x080020dc   Section        0  stm32f10x_rcc.o(i.RCC_PLLCmd)
    i.RCC_PLLConfig                          0x080020e8   Section        0  stm32f10x_rcc.o(i.RCC_PLLConfig)
    i.RCC_SYSCLKConfig                       0x08002104   Section        0  stm32f10x_rcc.o(i.RCC_SYSCLKConfig)
    i.RCC_WaitForHSEStartUp                  0x0800211c   Section        0  stm32f10x_rcc.o(i.RCC_WaitForHSEStartUp)
    i.Rcc_init                               0x08002154   Section        0  rcc.o(i.Rcc_init)
    i.SetSysClock                            0x08002174   Section        0  system_stm32f10x.o(i.SetSysClock)
    SetSysClock                              0x08002175   Thumb Code     8  system_stm32f10x.o(i.SetSysClock)
    i.SetSysClockTo72                        0x0800217c   Section        0  system_stm32f10x.o(i.SetSysClockTo72)
    SetSysClockTo72                          0x0800217d   Thumb Code   214  system_stm32f10x.o(i.SetSysClockTo72)
    i.SysTick_CLKSourceConfig                0x0800225c   Section        0  misc.o(i.SysTick_CLKSourceConfig)
    i.SystemInit                             0x08002284   Section        0  system_stm32f10x.o(i.SystemInit)
    i.System_clk_set                         0x080022e4   Section        0  rcc.o(i.System_clk_set)
    i.TI1_Config                             0x08002350   Section        0  stm32f10x_tim.o(i.TI1_Config)
    TI1_Config                               0x08002351   Thumb Code   108  stm32f10x_tim.o(i.TI1_Config)
    i.TI2_Config                             0x080023d0   Section        0  stm32f10x_tim.o(i.TI2_Config)
    TI2_Config                               0x080023d1   Thumb Code   130  stm32f10x_tim.o(i.TI2_Config)
    i.TI3_Config                             0x08002468   Section        0  stm32f10x_tim.o(i.TI3_Config)
    TI3_Config                               0x08002469   Thumb Code   122  stm32f10x_tim.o(i.TI3_Config)
    i.TI4_Config                             0x080024f8   Section        0  stm32f10x_tim.o(i.TI4_Config)
    TI4_Config                               0x080024f9   Thumb Code   130  stm32f10x_tim.o(i.TI4_Config)
    i.TIM1_init                              0x08002590   Section        0  tim.o(i.TIM1_init)
    i.TIM2_init                              0x08002634   Section        0  tim.o(i.TIM2_init)
    i.TIM4_IRQHandler                        0x080026e0   Section        0  tim.o(i.TIM4_IRQHandler)
    i.TIM4_Init                              0x0800285c   Section        0  tim.o(i.TIM4_Init)
    i.TIM_ARRPreloadConfig                   0x08002894   Section        0  stm32f10x_tim.o(i.TIM_ARRPreloadConfig)
    i.TIM_ClearFlag                          0x080028ac   Section        0  stm32f10x_tim.o(i.TIM_ClearFlag)
    i.TIM_ClearITPendingBit                  0x080028b2   Section        0  stm32f10x_tim.o(i.TIM_ClearITPendingBit)
    i.TIM_Cmd                                0x080028b8   Section        0  stm32f10x_tim.o(i.TIM_Cmd)
    i.TIM_DeInit                             0x080028d0   Section        0  stm32f10x_tim.o(i.TIM_DeInit)
    i.TIM_EncoderInterfaceConfig             0x08002ab8   Section        0  stm32f10x_tim.o(i.TIM_EncoderInterfaceConfig)
    i.TIM_GetCounter                         0x08002afa   Section        0  stm32f10x_tim.o(i.TIM_GetCounter)
    i.TIM_GetITStatus                        0x08002b00   Section        0  stm32f10x_tim.o(i.TIM_GetITStatus)
    i.TIM_ICInit                             0x08002b24   Section        0  stm32f10x_tim.o(i.TIM_ICInit)
    i.TIM_ICStructInit                       0x08002bd0   Section        0  stm32f10x_tim.o(i.TIM_ICStructInit)
    i.TIM_ITConfig                           0x08002be2   Section        0  stm32f10x_tim.o(i.TIM_ITConfig)
    i.TIM_OC1Init                            0x08002bf4   Section        0  stm32f10x_tim.o(i.TIM_OC1Init)
    i.TIM_OC1PreloadConfig                   0x08002c8c   Section        0  stm32f10x_tim.o(i.TIM_OC1PreloadConfig)
    i.TIM_OC2Init                            0x08002ca0   Section        0  stm32f10x_tim.o(i.TIM_OC2Init)
    i.TIM_OC2PreloadConfig                   0x08002d44   Section        0  stm32f10x_tim.o(i.TIM_OC2PreloadConfig)
    i.TIM_OC3Init                            0x08002d60   Section        0  stm32f10x_tim.o(i.TIM_OC3Init)
    i.TIM_OC3PreloadConfig                   0x08002e00   Section        0  stm32f10x_tim.o(i.TIM_OC3PreloadConfig)
    i.TIM_OC4Init                            0x08002e14   Section        0  stm32f10x_tim.o(i.TIM_OC4Init)
    i.TIM_OC4PreloadConfig                   0x08002e90   Section        0  stm32f10x_tim.o(i.TIM_OC4PreloadConfig)
    i.TIM_SetIC1Prescaler                    0x08002eaa   Section        0  stm32f10x_tim.o(i.TIM_SetIC1Prescaler)
    i.TIM_SetIC2Prescaler                    0x08002ebc   Section        0  stm32f10x_tim.o(i.TIM_SetIC2Prescaler)
    i.TIM_SetIC3Prescaler                    0x08002ed6   Section        0  stm32f10x_tim.o(i.TIM_SetIC3Prescaler)
    i.TIM_SetIC4Prescaler                    0x08002ee8   Section        0  stm32f10x_tim.o(i.TIM_SetIC4Prescaler)
    i.TIM_TimeBaseInit                       0x08002f04   Section        0  stm32f10x_tim.o(i.TIM_TimeBaseInit)
    i.TIM_TimeBaseStructInit                 0x08002fa8   Section        0  stm32f10x_tim.o(i.TIM_TimeBaseStructInit)
    i.USART1_Config                          0x08002fbc   Section        0  usart2.o(i.USART1_Config)
    i.USART1_GPIOConfig                      0x08003000   Section        0  usart2.o(i.USART1_GPIOConfig)
    i.USART1_IRQHandler                      0x08003048   Section        0  usart2.o(i.USART1_IRQHandler)
    i.USART_ClearFlag                        0x08003080   Section        0  stm32f10x_usart.o(i.USART_ClearFlag)
    i.USART_Cmd                              0x08003092   Section        0  stm32f10x_usart.o(i.USART_Cmd)
    i.USART_GetFlagStatus                    0x080030aa   Section        0  stm32f10x_usart.o(i.USART_GetFlagStatus)
    i.USART_GetITStatus                      0x080030c4   Section        0  stm32f10x_usart.o(i.USART_GetITStatus)
    i.USART_ITConfig                         0x08003118   Section        0  stm32f10x_usart.o(i.USART_ITConfig)
    i.USART_Init                             0x08003164   Section        0  stm32f10x_usart.o(i.USART_Init)
    i.USART_ReceiveData                      0x0800323c   Section        0  stm32f10x_usart.o(i.USART_ReceiveData)
    i.USART_SendData                         0x08003246   Section        0  stm32f10x_usart.o(i.USART_SendData)
    i.__ARM_fpclassify                       0x0800324e   Section        0  fpclassify.o(i.__ARM_fpclassify)
    i.__ieee754_rem_pio2                     0x08003278   Section        0  rred.o(i.__ieee754_rem_pio2)
    i.__kernel_cos                           0x08003600   Section        0  cos_i.o(i.__kernel_cos)
    i.__kernel_poly                          0x080036fc   Section        0  poly.o(i.__kernel_poly)
    i.__kernel_sin                           0x080037a8   Section        0  sin_i.o(i.__kernel_sin)
    i.__mathlib_dbl_infnan                   0x08003894   Section        0  dunder.o(i.__mathlib_dbl_infnan)
    i.__mathlib_dbl_invalid                  0x0800389a   Section        0  dunder.o(i.__mathlib_dbl_invalid)
    i.__mathlib_dbl_underflow                0x080038a8   Section        0  dunder.o(i.__mathlib_dbl_underflow)
    i._is_digit                              0x080038b8   Section        0  __printf_wp.o(i._is_digit)
    i.delay_init                             0x080038c8   Section        0  delay.o(i.delay_init)
    i.main                                   0x0800390c   Section        0  main.o(i.main)
    i.sin                                    0x08003960   Section        0  sin.o(i.sin)
    i.uprintf                                0x08003a00   Section        0  usart2.o(i.uprintf)
    locale$$code                             0x08003a8c   Section       44  lc_numeric_c.o(locale$$code)
    locale$$code                             0x08003ab8   Section       44  lc_ctype_c.o(locale$$code)
    x$fpl$dadd                               0x08003ae4   Section      336  daddsub_clz.o(x$fpl$dadd)
    _dadd1                                   0x08003af5   Thumb Code     0  daddsub_clz.o(x$fpl$dadd)
    x$fpl$dcheck1                            0x08003c34   Section       16  dcheck1.o(x$fpl$dcheck1)
    x$fpl$dcmpinf                            0x08003c44   Section       24  dcmpi.o(x$fpl$dcmpinf)
    x$fpl$ddiv                               0x08003c5c   Section      688  ddiv.o(x$fpl$ddiv)
    ddiv_entry                               0x08003c63   Thumb Code     0  ddiv.o(x$fpl$ddiv)
    x$fpl$deqf                               0x08003f0c   Section      120  deqf.o(x$fpl$deqf)
    x$fpl$dfix                               0x08003f84   Section       94  dfix.o(x$fpl$dfix)
    x$fpl$dfixu                              0x08003fe4   Section       90  dfixu.o(x$fpl$dfixu)
    x$fpl$dflt                               0x0800403e   Section       46  dflt_clz.o(x$fpl$dflt)
    x$fpl$dfltu                              0x0800406c   Section       38  dflt_clz.o(x$fpl$dfltu)
    x$fpl$dleqf                              0x08004094   Section      120  dleqf.o(x$fpl$dleqf)
    x$fpl$dmul                               0x0800410c   Section      340  dmul.o(x$fpl$dmul)
    x$fpl$dnaninf                            0x08004260   Section      156  dnaninf.o(x$fpl$dnaninf)
    x$fpl$dretinf                            0x080042fc   Section       12  dretinf.o(x$fpl$dretinf)
    x$fpl$drleqf                             0x08004308   Section      108  drleqf.o(x$fpl$drleqf)
    x$fpl$drsb                               0x08004374   Section       22  daddsub_clz.o(x$fpl$drsb)
    x$fpl$dsub                               0x0800438c   Section      468  daddsub_clz.o(x$fpl$dsub)
    _dsub1                                   0x0800439d   Thumb Code     0  daddsub_clz.o(x$fpl$dsub)
    x$fpl$printf1                            0x08004560   Section        4  printf1.o(x$fpl$printf1)
    x$fpl$retnan                             0x08004564   Section      100  retnan.o(x$fpl$retnan)
    x$fpl$scalbn                             0x080045c8   Section       92  scalbn.o(x$fpl$scalbn)
    x$fpl$trapveneer                         0x08004624   Section       48  trapv.o(x$fpl$trapveneer)
    .constdata                               0x08004654   Section        8  _printf_wctomb.o(.constdata)
    x$fpl$usenofp                            0x08004654   Section        0  usenofp.o(x$fpl$usenofp)
    initial_mbstate                          0x08004654   Data           8  _printf_wctomb.o(.constdata)
    .constdata                               0x0800465c   Section       40  _printf_hex_int_ll_ptr.o(.constdata)
    uc_hextab                                0x0800465c   Data          20  _printf_hex_int_ll_ptr.o(.constdata)
    lc_hextab                                0x08004670   Data          20  _printf_hex_int_ll_ptr.o(.constdata)
    .constdata                               0x08004684   Section       17  __printf_flags_ss_wp.o(.constdata)
    maptable                                 0x08004684   Data          17  __printf_flags_ss_wp.o(.constdata)
    .constdata                               0x08004698   Section       48  cos_i.o(.constdata)
    C                                        0x08004698   Data          48  cos_i.o(.constdata)
    .constdata                               0x080046c8   Section      200  rred.o(.constdata)
    pio2s                                    0x080046c8   Data          48  rred.o(.constdata)
    twooverpi                                0x080046f8   Data         152  rred.o(.constdata)
    .constdata                               0x08004790   Section       40  sin_i.o(.constdata)
    S                                        0x08004790   Data          40  sin_i.o(.constdata)
    .constdata                               0x080047b8   Section      148  bigflt0.o(.constdata)
    tenpwrs_x                                0x080047b8   Data          60  bigflt0.o(.constdata)
    tenpwrs_i                                0x080047f4   Data          64  bigflt0.o(.constdata)
    locale$$data                             0x0800486c   Section       28  lc_numeric_c.o(locale$$data)
    __lcnum_c_name                           0x08004870   Data           2  lc_numeric_c.o(locale$$data)
    __lcnum_c_start                          0x08004878   Data           0  lc_numeric_c.o(locale$$data)
    __lcnum_c_point                          0x08004884   Data           0  lc_numeric_c.o(locale$$data)
    __lcnum_c_thousands                      0x08004886   Data           0  lc_numeric_c.o(locale$$data)
    __lcnum_c_grouping                       0x08004887   Data           0  lc_numeric_c.o(locale$$data)
    locale$$data                             0x08004888   Section      272  lc_ctype_c.o(locale$$data)
    __lcnum_c_end                            0x08004888   Data           0  lc_numeric_c.o(locale$$data)
    __lcctype_c_name                         0x0800488c   Data           2  lc_ctype_c.o(locale$$data)
    __lcctype_c_start                        0x08004894   Data           0  lc_ctype_c.o(locale$$data)
    __lcctype_c_end                          0x08004998   Data           0  lc_ctype_c.o(locale$$data)
    .data                                    0x20000000   Section        6  main.o(.data)
    .data                                    0x20000008   Section       20  system_stm32f10x.o(.data)
    .data                                    0x2000001c   Section       20  stm32f10x_rcc.o(.data)
    APBAHBPrescTable                         0x2000001c   Data          16  stm32f10x_rcc.o(.data)
    ADCPrescTable                            0x2000002c   Data           4  stm32f10x_rcc.o(.data)
    .data                                    0x20000030   Section        2  usart2.o(.data)
    .data                                    0x20000034   Section       32  pid.o(.data)
    Motor_Pid                                0x20000034   Data           4  pid.o(.data)
    Motor_Slave_Pid                          0x20000040   Data           4  pid.o(.data)
    .data                                    0x20000054   Section        8  tim.o(.data)
    .data                                    0x2000005c   Section        4  delay.o(.data)
    fac_us                                   0x2000005c   Data           1  delay.o(.data)
    fac_ms                                   0x2000005e   Data           2  delay.o(.data)
    .bss                                     0x20000060   Section      200  usart2.o(.bss)
    .bss                                     0x20000128   Section       80  pid.o(.bss)
    Motor                                    0x20000128   Data          40  pid.o(.bss)
    Motor_Slave                              0x20000150   Data          40  pid.o(.bss)
    .bss                                     0x20000178   Section       96  libspace.o(.bss)
    HEAP                                     0x200001d8   Section      512  startup_stm32f10x_md.o(HEAP)
    Heap_Mem                                 0x200001d8   Data         512  startup_stm32f10x_md.o(HEAP)
    STACK                                    0x200003d8   Section     1024  startup_stm32f10x_md.o(STACK)
    Stack_Mem                                0x200003d8   Data        1024  startup_stm32f10x_md.o(STACK)
    __initial_sp                             0x200007d8   Data           0  startup_stm32f10x_md.o(STACK)

    Global Symbols

    Symbol Name                              Value     Ov Type        Size  Object(Section)

    BuildAttributes$$THM_ISAv4$P$D$K$B$S$PE$A:L22UL41UL21$X:L11$S22US41US21$IEEE1$IW$USESV6$~STKCKD$USESV7$~SHL$OTIME$ROPI$IEEEX$EBA8$UX$STANDARDLIB$REQ8$PRES8$EABIv2 0x00000000   Number         0  anon$$obj.o ABSOLUTE
    __ARM_use_no_argv                        0x00000000   Number         0  main.o ABSOLUTE
    _printf_flags                            0x00000000   Number         0  printf_stubs.o ABSOLUTE
    _printf_return_value                     0x00000000   Number         0  printf_stubs.o ABSOLUTE
    _printf_sizespec                         0x00000000   Number         0  printf_stubs.o ABSOLUTE
    _printf_widthprec                        0x00000000   Number         0  printf_stubs.o ABSOLUTE
    __ARM_exceptions_init                     - Undefined Weak Reference
    __alloca_initialize                       - Undefined Weak Reference
    __arm_preinit_                            - Undefined Weak Reference
    __cpp_initialize__aeabi_                  - Undefined Weak Reference
    __cxa_finalize                            - Undefined Weak Reference
    __sigvec_lookup                           - Undefined Weak Reference
    _atexit_init                              - Undefined Weak Reference
    _call_atexit_fns                          - Undefined Weak Reference
    _clock_init                               - Undefined Weak Reference
    _fp_trap_init                             - Undefined Weak Reference
    _fp_trap_shutdown                         - Undefined Weak Reference
    _get_lc_collate                           - Undefined Weak Reference
    _get_lc_monetary                          - Undefined Weak Reference
    _get_lc_time                              - Undefined Weak Reference
    _getenv_init                              - Undefined Weak Reference
    _handle_redirection                       - Undefined Weak Reference
    _init_alloc                               - Undefined Weak Reference
    _init_user_alloc                          - Undefined Weak Reference
    _initio                                   - Undefined Weak Reference
    _printf_fp_hex                            - Undefined Weak Reference
    _printf_mbtowc                            - Undefined Weak Reference
    _printf_wc                                - Undefined Weak Reference
    _rand_init                                - Undefined Weak Reference
    _signal_finish                            - Undefined Weak Reference
    _signal_init                              - Undefined Weak Reference
    _terminate_alloc                          - Undefined Weak Reference
    _terminate_user_alloc                     - Undefined Weak Reference
    _terminateio                              - Undefined Weak Reference
    __Vectors_Size                           0x000000ec   Number         0  startup_stm32f10x_md.o ABSOLUTE
    __Vectors                                0x08000000   Data           4  startup_stm32f10x_md.o(RESET)
    __Vectors_End                            0x080000ec   Data           0  startup_stm32f10x_md.o(RESET)
    __main                                   0x080000ed   Thumb Code     8  __main.o(!!!main)
    __scatterload                            0x080000f5   Thumb Code     0  __scatter.o(!!!scatter)
    __scatterload_rt2                        0x080000f5   Thumb Code    44  __scatter.o(!!!scatter)
    __scatterload_rt2_thumb_only             0x080000f5   Thumb Code     0  __scatter.o(!!!scatter)
    __scatterload_null                       0x08000103   Thumb Code     0  __scatter.o(!!!scatter)
    __scatterload_copy                       0x08000129   Thumb Code    26  __scatter_copy.o(!!handler_copy)
    __scatterload_zeroinit                   0x08000145   Thumb Code    28  __scatter_zi.o(!!handler_zi)
    _printf_n                                0x08000161   Thumb Code     0  _printf_n.o(.ARM.Collect$$_printf_percent$$00000001)
    _printf_percent                          0x08000161   Thumb Code     0  _printf_percent.o(.ARM.Collect$$_printf_percent$$00000000)
    _printf_p                                0x08000167   Thumb Code     0  _printf_p.o(.ARM.Collect$$_printf_percent$$00000002)
    _printf_f                                0x0800016d   Thumb Code     0  _printf_f.o(.ARM.Collect$$_printf_percent$$00000003)
    _printf_e                                0x08000173   Thumb Code     0  _printf_e.o(.ARM.Collect$$_printf_percent$$00000004)
    _printf_g                                0x08000179   Thumb Code     0  _printf_g.o(.ARM.Collect$$_printf_percent$$00000005)
    _printf_a                                0x0800017f   Thumb Code     0  _printf_a.o(.ARM.Collect$$_printf_percent$$00000006)
    _printf_ll                               0x08000185   Thumb Code     0  _printf_ll.o(.ARM.Collect$$_printf_percent$$00000007)
    _printf_i                                0x0800018f   Thumb Code     0  _printf_i.o(.ARM.Collect$$_printf_percent$$00000008)
    _printf_d                                0x08000195   Thumb Code     0  _printf_d.o(.ARM.Collect$$_printf_percent$$00000009)
    _printf_u                                0x0800019b   Thumb Code     0  _printf_u.o(.ARM.Collect$$_printf_percent$$0000000A)
    _printf_o                                0x080001a1   Thumb Code     0  _printf_o.o(.ARM.Collect$$_printf_percent$$0000000B)
    _printf_x                                0x080001a7   Thumb Code     0  _printf_x.o(.ARM.Collect$$_printf_percent$$0000000C)
    _printf_lli                              0x080001ad   Thumb Code     0  _printf_lli.o(.ARM.Collect$$_printf_percent$$0000000D)
    _printf_lld                              0x080001b3   Thumb Code     0  _printf_lld.o(.ARM.Collect$$_printf_percent$$0000000E)
    _printf_llu                              0x080001b9   Thumb Code     0  _printf_llu.o(.ARM.Collect$$_printf_percent$$0000000F)
    _printf_llo                              0x080001bf   Thumb Code     0  _printf_llo.o(.ARM.Collect$$_printf_percent$$00000010)
    _printf_llx                              0x080001c5   Thumb Code     0  _printf_llx.o(.ARM.Collect$$_printf_percent$$00000011)
    _printf_l                                0x080001cb   Thumb Code     0  _printf_l.o(.ARM.Collect$$_printf_percent$$00000012)
    _printf_c                                0x080001d5   Thumb Code     0  _printf_c.o(.ARM.Collect$$_printf_percent$$00000013)
    _printf_s                                0x080001db   Thumb Code     0  _printf_s.o(.ARM.Collect$$_printf_percent$$00000014)
    _printf_lc                               0x080001e1   Thumb Code     0  _printf_lc.o(.ARM.Collect$$_printf_percent$$00000015)
    _printf_ls                               0x080001e7   Thumb Code     0  _printf_ls.o(.ARM.Collect$$_printf_percent$$00000016)
    _printf_percent_end                      0x080001ed   Thumb Code     0  _printf_percent_end.o(.ARM.Collect$$_printf_percent$$00000017)
    __rt_lib_init                            0x080001f1   Thumb Code     0  libinit.o(.ARM.Collect$$libinit$$00000000)
    __rt_lib_init_fp_1                       0x080001f3   Thumb Code     0  libinit2.o(.ARM.Collect$$libinit$$00000002)
    __rt_lib_init_heap_1                     0x080001f3   Thumb Code     0  libinit2.o(.ARM.Collect$$libinit$$0000000A)
    __rt_lib_init_lc_common                  0x080001f3   Thumb Code     0  libinit2.o(.ARM.Collect$$libinit$$0000000F)
    __rt_lib_init_preinit_1                  0x080001f3   Thumb Code     0  libinit2.o(.ARM.Collect$$libinit$$00000004)
    __rt_lib_init_rand_1                     0x080001f3   Thumb Code     0  libinit2.o(.ARM.Collect$$libinit$$0000000E)
    __rt_lib_init_user_alloc_1               0x080001f3   Thumb Code     0  libinit2.o(.ARM.Collect$$libinit$$0000000C)
    __rt_lib_init_lc_collate_1               0x080001f9   Thumb Code     0  libinit2.o(.ARM.Collect$$libinit$$00000011)
    __rt_lib_init_lc_ctype_2                 0x080001f9   Thumb Code     0  libinit2.o(.ARM.Collect$$libinit$$00000012)
    __rt_lib_init_lc_ctype_1                 0x08000205   Thumb Code     0  libinit2.o(.ARM.Collect$$libinit$$00000013)
    __rt_lib_init_lc_monetary_1              0x08000205   Thumb Code     0  libinit2.o(.ARM.Collect$$libinit$$00000015)
    __rt_lib_init_lc_numeric_2               0x08000205   Thumb Code     0  libinit2.o(.ARM.Collect$$libinit$$00000016)
    __rt_lib_init_alloca_1                   0x0800020f   Thumb Code     0  libinit2.o(.ARM.Collect$$libinit$$0000002E)
    __rt_lib_init_argv_1                     0x0800020f   Thumb Code     0  libinit2.o(.ARM.Collect$$libinit$$0000002C)
    __rt_lib_init_atexit_1                   0x0800020f   Thumb Code     0  libinit2.o(.ARM.Collect$$libinit$$0000001B)
    __rt_lib_init_clock_1                    0x0800020f   Thumb Code     0  libinit2.o(.ARM.Collect$$libinit$$00000021)
    __rt_lib_init_cpp_1                      0x0800020f   Thumb Code     0  libinit2.o(.ARM.Collect$$libinit$$00000032)
    __rt_lib_init_exceptions_1               0x0800020f   Thumb Code     0  libinit2.o(.ARM.Collect$$libinit$$00000030)
    __rt_lib_init_fp_trap_1                  0x0800020f   Thumb Code     0  libinit2.o(.ARM.Collect$$libinit$$0000001F)
    __rt_lib_init_getenv_1                   0x0800020f   Thumb Code     0  libinit2.o(.ARM.Collect$$libinit$$00000023)
    __rt_lib_init_lc_numeric_1               0x0800020f   Thumb Code     0  libinit2.o(.ARM.Collect$$libinit$$00000017)
    __rt_lib_init_lc_time_1                  0x0800020f   Thumb Code     0  libinit2.o(.ARM.Collect$$libinit$$00000019)
    __rt_lib_init_return                     0x0800020f   Thumb Code     0  libinit2.o(.ARM.Collect$$libinit$$00000033)
    __rt_lib_init_signal_1                   0x0800020f   Thumb Code     0  libinit2.o(.ARM.Collect$$libinit$$0000001D)
    __rt_lib_init_stdio_1                    0x0800020f   Thumb Code     0  libinit2.o(.ARM.Collect$$libinit$$00000025)
    __rt_lib_shutdown                        0x08000211   Thumb Code     0  libshutdown.o(.ARM.Collect$$libshutdown$$00000000)
    __rt_lib_shutdown_fp_trap_1              0x08000213   Thumb Code     0  libshutdown2.o(.ARM.Collect$$libshutdown$$00000006)
    __rt_lib_shutdown_heap_1                 0x08000213   Thumb Code     0  libshutdown2.o(.ARM.Collect$$libshutdown$$0000000E)
    __rt_lib_shutdown_return                 0x08000213   Thumb Code     0  libshutdown2.o(.ARM.Collect$$libshutdown$$0000000F)
    __rt_lib_shutdown_signal_1               0x08000213   Thumb Code     0  libshutdown2.o(.ARM.Collect$$libshutdown$$00000009)
    __rt_lib_shutdown_stdio_1                0x08000213   Thumb Code     0  libshutdown2.o(.ARM.Collect$$libshutdown$$00000003)
    __rt_lib_shutdown_user_alloc_1           0x08000213   Thumb Code     0  libshutdown2.o(.ARM.Collect$$libshutdown$$0000000B)
    __rt_entry                               0x08000215   Thumb Code     0  __rtentry.o(.ARM.Collect$$rtentry$$00000000)
    __rt_entry_presh_1                       0x08000215   Thumb Code     0  __rtentry2.o(.ARM.Collect$$rtentry$$00000002)
    __rt_entry_sh                            0x08000215   Thumb Code     0  __rtentry4.o(.ARM.Collect$$rtentry$$00000004)
    __rt_entry_li                            0x0800021b   Thumb Code     0  __rtentry2.o(.ARM.Collect$$rtentry$$0000000A)
    __rt_entry_postsh_1                      0x0800021b   Thumb Code     0  __rtentry2.o(.ARM.Collect$$rtentry$$00000009)
    __rt_entry_main                          0x0800021f   Thumb Code     0  __rtentry2.o(.ARM.Collect$$rtentry$$0000000D)
    __rt_entry_postli_1                      0x0800021f   Thumb Code     0  __rtentry2.o(.ARM.Collect$$rtentry$$0000000C)
    __rt_exit                                0x08000227   Thumb Code     0  rtexit.o(.ARM.Collect$$rtexit$$00000000)
    __rt_exit_ls                             0x08000229   Thumb Code     0  rtexit2.o(.ARM.Collect$$rtexit$$00000003)
    __rt_exit_prels_1                        0x08000229   Thumb Code     0  rtexit2.o(.ARM.Collect$$rtexit$$00000002)
    __rt_exit_exit                           0x0800022d   Thumb Code     0  rtexit2.o(.ARM.Collect$$rtexit$$00000004)
    Reset_Handler                            0x08000235   Thumb Code     8  startup_stm32f10x_md.o(.text)
    NMI_Handler                              0x0800023d   Thumb Code     2  startup_stm32f10x_md.o(.text)
    HardFault_Handler                        0x0800023f   Thumb Code     2  startup_stm32f10x_md.o(.text)
    MemManage_Handler                        0x08000241   Thumb Code     2  startup_stm32f10x_md.o(.text)
    BusFault_Handler                         0x08000243   Thumb Code     2  startup_stm32f10x_md.o(.text)
    UsageFault_Handler                       0x08000245   Thumb Code     2  startup_stm32f10x_md.o(.text)
    SVC_Handler                              0x08000247   Thumb Code     2  startup_stm32f10x_md.o(.text)
    DebugMon_Handler                         0x08000249   Thumb Code     2  startup_stm32f10x_md.o(.text)
    PendSV_Handler                           0x0800024b   Thumb Code     2  startup_stm32f10x_md.o(.text)
    SysTick_Handler                          0x0800024d   Thumb Code     2  startup_stm32f10x_md.o(.text)
    CAN1_RX1_IRQHandler                      0x0800024f   Thumb Code     0  startup_stm32f10x_md.o(.text)
    CAN1_SCE_IRQHandler                      0x0800024f   Thumb Code     0  startup_stm32f10x_md.o(.text)
    DMA1_Channel1_IRQHandler                 0x0800024f   Thumb Code     0  startup_stm32f10x_md.o(.text)
    DMA1_Channel2_IRQHandler                 0x0800024f   Thumb Code     0  startup_stm32f10x_md.o(.text)
    DMA1_Channel3_IRQHandler                 0x0800024f   Thumb Code     0  startup_stm32f10x_md.o(.text)
    DMA1_Channel4_IRQHandler                 0x0800024f   Thumb Code     0  startup_stm32f10x_md.o(.text)
    DMA1_Channel5_IRQHandler                 0x0800024f   Thumb Code     0  startup_stm32f10x_md.o(.text)
    DMA1_Channel6_IRQHandler                 0x0800024f   Thumb Code     0  startup_stm32f10x_md.o(.text)
    DMA1_Channel7_IRQHandler                 0x0800024f   Thumb Code     0  startup_stm32f10x_md.o(.text)
    EXTI0_IRQHandler                         0x0800024f   Thumb Code     0  startup_stm32f10x_md.o(.text)
    EXTI15_10_IRQHandler                     0x0800024f   Thumb Code     0  startup_stm32f10x_md.o(.text)
    EXTI1_IRQHandler                         0x0800024f   Thumb Code     0  startup_stm32f10x_md.o(.text)
    EXTI2_IRQHandler                         0x0800024f   Thumb Code     0  startup_stm32f10x_md.o(.text)
    EXTI3_IRQHandler                         0x0800024f   Thumb Code     0  startup_stm32f10x_md.o(.text)
    EXTI4_IRQHandler                         0x0800024f   Thumb Code     0  startup_stm32f10x_md.o(.text)
    EXTI9_5_IRQHandler                       0x0800024f   Thumb Code     0  startup_stm32f10x_md.o(.text)
    FLASH_IRQHandler                         0x0800024f   Thumb Code     0  startup_stm32f10x_md.o(.text)
    I2C1_ER_IRQHandler                       0x0800024f   Thumb Code     0  startup_stm32f10x_md.o(.text)
    I2C1_EV_IRQHandler                       0x0800024f   Thumb Code     0  startup_stm32f10x_md.o(.text)
    I2C2_ER_IRQHandler                       0x0800024f   Thumb Code     0  startup_stm32f10x_md.o(.text)
    I2C2_EV_IRQHandler                       0x0800024f   Thumb Code     0  startup_stm32f10x_md.o(.text)
    PVD_IRQHandler                           0x0800024f   Thumb Code     0  startup_stm32f10x_md.o(.text)
    RCC_IRQHandler                           0x0800024f   Thumb Code     0  startup_stm32f10x_md.o(.text)
    RTCAlarm_IRQHandler                      0x0800024f   Thumb Code     0  startup_stm32f10x_md.o(.text)
    RTC_IRQHandler                           0x0800024f   Thumb Code     0  startup_stm32f10x_md.o(.text)
    SPI1_IRQHandler                          0x0800024f   Thumb Code     0  startup_stm32f10x_md.o(.text)
    SPI2_IRQHandler                          0x0800024f   Thumb Code     0  startup_stm32f10x_md.o(.text)
    TAMPER_IRQHandler                        0x0800024f   Thumb Code     0  startup_stm32f10x_md.o(.text)
    TIM1_BRK_IRQHandler                      0x0800024f   Thumb Code     0  startup_stm32f10x_md.o(.text)
    TIM1_CC_IRQHandler                       0x0800024f   Thumb Code     0  startup_stm32f10x_md.o(.text)
    TIM1_TRG_COM_IRQHandler                  0x0800024f   Thumb Code     0  startup_stm32f10x_md.o(.text)
    TIM1_UP_IRQHandler                       0x0800024f   Thumb Code     0  startup_stm32f10x_md.o(.text)
    TIM2_IRQHandler                          0x0800024f   Thumb Code     0  startup_stm32f10x_md.o(.text)
    TIM3_IRQHandler                          0x0800024f   Thumb Code     0  startup_stm32f10x_md.o(.text)
    USART2_IRQHandler                        0x0800024f   Thumb Code     0  startup_stm32f10x_md.o(.text)
    USART3_IRQHandler                        0x0800024f   Thumb Code     0  startup_stm32f10x_md.o(.text)
    USBWakeUp_IRQHandler                     0x0800024f   Thumb Code     0  startup_stm32f10x_md.o(.text)
    USB_HP_CAN1_TX_IRQHandler                0x0800024f   Thumb Code     0  startup_stm32f10x_md.o(.text)
    USB_LP_CAN1_RX0_IRQHandler               0x0800024f   Thumb Code     0  startup_stm32f10x_md.o(.text)
    WWDG_IRQHandler                          0x0800024f   Thumb Code     0  startup_stm32f10x_md.o(.text)
    __user_initial_stackheap                 0x08000251   Thumb Code     0  startup_stm32f10x_md.o(.text)
    __c89vsnprintf                           0x08000275   Thumb Code    48  c89vsnprintf.o(.text)
    __use_two_region_memory                  0x080002a9   Thumb Code     2  heapauxi.o(.text)
    __rt_heap_escrow$2region                 0x080002ab   Thumb Code     2  heapauxi.o(.text)
    __rt_heap_expand$2region                 0x080002ad   Thumb Code     2  heapauxi.o(.text)
    __read_errno                             0x080002af   Thumb Code    10  _rserrno.o(.text)
    __set_errno                              0x080002b9   Thumb Code    12  _rserrno.o(.text)
    _printf_pre_padding                      0x080002c5   Thumb Code    44  _printf_pad.o(.text)
    _printf_post_padding                     0x080002f1   Thumb Code    34  _printf_pad.o(.text)
    _printf_truncate_signed                  0x08000313   Thumb Code    18  _printf_truncate.o(.text)
    _printf_truncate_unsigned                0x08000325   Thumb Code    18  _printf_truncate.o(.text)
    _printf_str                              0x08000337   Thumb Code    82  _printf_str.o(.text)
    _printf_int_dec                          0x08000389   Thumb Code   104  _printf_dec.o(.text)
    _printf_charcount                        0x08000401   Thumb Code    40  _printf_charcount.o(.text)
    _printf_char_common                      0x08000433   Thumb Code    32  _printf_char_common.o(.text)
    _sputc                                   0x08000459   Thumb Code    10  _sputc.o(.text)
    _snputc                                  0x08000463   Thumb Code    16  _snputc.o(.text)
    _printf_wctomb                           0x08000475   Thumb Code   182  _printf_wctomb.o(.text)
    _printf_longlong_dec                     0x08000531   Thumb Code   108  _printf_longlong_dec.o(.text)
    _printf_longlong_oct                     0x080005ad   Thumb Code    68  _printf_oct_int_ll.o(.text)
    _printf_int_oct                          0x080005f1   Thumb Code    24  _printf_oct_int_ll.o(.text)
    _printf_ll_oct                           0x08000609   Thumb Code    12  _printf_oct_int_ll.o(.text)
    _printf_longlong_hex                     0x0800061d   Thumb Code    86  _printf_hex_int_ll_ptr.o(.text)
    _printf_int_hex                          0x08000673   Thumb Code    28  _printf_hex_int_ll_ptr.o(.text)
    _printf_ll_hex                           0x0800068f   Thumb Code    12  _printf_hex_int_ll_ptr.o(.text)
    _printf_hex_ptr                          0x0800069b   Thumb Code    18  _printf_hex_int_ll_ptr.o(.text)
    __printf                                 0x080006b1   Thumb Code   388  __printf_flags_ss_wp.o(.text)
    __aeabi_errno_addr                       0x08000839   Thumb Code     8  rt_errno_addr_intlibspace.o(.text)
    __errno$intlibspace                      0x08000839   Thumb Code     0  rt_errno_addr_intlibspace.o(.text)
    __rt_errno_addr$intlibspace              0x08000839   Thumb Code     0  rt_errno_addr_intlibspace.o(.text)
    _ll_udiv10                               0x08000841   Thumb Code   138  lludiv10.o(.text)
    _printf_int_common                       0x080008cb   Thumb Code   178  _printf_intcommon.o(.text)
    __lib_sel_fp_printf                      0x0800097d   Thumb Code     2  _printf_fp_dec.o(.text)
    _printf_fp_dec_real                      0x08000b2b   Thumb Code   620  _printf_fp_dec.o(.text)
    _printf_cs_common                        0x08000d97   Thumb Code    20  _printf_char.o(.text)
    _printf_char                             0x08000dab   Thumb Code    16  _printf_char.o(.text)
    _printf_string                           0x08000dbb   Thumb Code     8  _printf_char.o(.text)
    _printf_lcs_common                       0x08000dc3   Thumb Code    20  _printf_wchar.o(.text)
    _printf_wchar                            0x08000dd7   Thumb Code    16  _printf_wchar.o(.text)
    _printf_wstring                          0x08000de7   Thumb Code     8  _printf_wchar.o(.text)
    _wcrtomb                                 0x08000def   Thumb Code    64  _wcrtomb.o(.text)
    __user_libspace                          0x08000e31   Thumb Code     8  libspace.o(.text)
    __user_perproc_libspace                  0x08000e31   Thumb Code     0  libspace.o(.text)
    __user_perthread_libspace                0x08000e31   Thumb Code     0  libspace.o(.text)
    __user_setup_stackheap                   0x08000e39   Thumb Code    74  sys_stackheap_outer.o(.text)
    __rt_ctype_table                         0x08000e85   Thumb Code    16  rt_ctype_table.o(.text)
    __rt_locale                              0x08000e95   Thumb Code     8  rt_locale_intlibspace.o(.text)
    _printf_fp_infnan                        0x08000e9d   Thumb Code   112  _printf_fp_infnan.o(.text)
    _btod_etento                             0x08000f1d   Thumb Code   216  bigflt0.o(.text)
    exit                                     0x08000ff9   Thumb Code    12  exit.o(.text)
    strcmp                                   0x08001005   Thumb Code   128  strcmpv7m.o(.text)
    _sys_exit                                0x08001085   Thumb Code     8  sys_exit.o(.text)
    __I$use$semihosting                      0x08001091   Thumb Code     0  use_no_semi.o(.text)
    __use_no_semihosting_swi                 0x08001091   Thumb Code     2  use_no_semi.o(.text)
    __semihosting_library_function           0x08001093   Thumb Code     0  indicate_semi.o(.text)
    _btod_d2e                                0x08001093   Thumb Code    62  btod.o(CL$$btod_d2e)
    _d2e_denorm_low                          0x080010d1   Thumb Code    70  btod.o(CL$$btod_d2e_denorm_low)
    _d2e_norm_op1                            0x08001117   Thumb Code    96  btod.o(CL$$btod_d2e_norm_op1)
    __btod_div_common                        0x08001177   Thumb Code   696  btod.o(CL$$btod_div_common)
    _e2e                                     0x080014af   Thumb Code   198  btod.o(CL$$btod_e2e)
    _btod_ediv                               0x08001575   Thumb Code    40  btod.o(CL$$btod_ediv)
    _btod_emul                               0x0800159d   Thumb Code    40  btod.o(CL$$btod_emul)
    __btod_mult_common                       0x080015c5   Thumb Code   580  btod.o(CL$$btod_mult_common)
    ADC1_2_IRQHandler                        0x08001809   Thumb Code     2  adc.o(i.ADC1_2_IRQHandler)
    FLASH_PrefetchBufferCmd                  0x0800180d   Thumb Code    22  stm32f10x_flash.o(i.FLASH_PrefetchBufferCmd)
    FLASH_SetLatency                         0x08001829   Thumb Code    18  stm32f10x_flash.o(i.FLASH_SetLatency)
    GPIO_Init                                0x08001841   Thumb Code   278  stm32f10x_gpio.o(i.GPIO_Init)
    GPIO_PinRemapConfig                      0x08001959   Thumb Code   138  stm32f10x_gpio.o(i.GPIO_PinRemapConfig)
    GPIO_SetBits                             0x080019e9   Thumb Code     4  stm32f10x_gpio.o(i.GPIO_SetBits)
    Motor1                                   0x080019ed   Thumb Code    34  pwm.o(i.Motor1)
    Motor2                                   0x08001a15   Thumb Code    34  pwm.o(i.Motor2)
    Motor_Pid_Init                           0x08001a3d   Thumb Code    56  pid.o(i.Motor_Pid_Init)
    Motor_Slave_PIDAdjust                    0x08001a81   Thumb Code   434  pid.o(i.Motor_Slave_PIDAdjust)
    Motor_Slave_Pid_Init                     0x08001c5d   Thumb Code    56  pid.o(i.Motor_Slave_Pid_Init)
    NVIC_Config                              0x08001ca1   Thumb Code    72  main.o(i.NVIC_Config)
    NVIC_Init                                0x08001ce9   Thumb Code   100  misc.o(i.NVIC_Init)
    NVIC_PriorityGroupConfig                 0x08001d59   Thumb Code    10  misc.o(i.NVIC_PriorityGroupConfig)
    PWM_Init                                 0x08001d6d   Thumb Code   226  pwm.o(i.PWM_Init)
    RCC_APB1PeriphClockCmd                   0x08001e5d   Thumb Code    26  stm32f10x_rcc.o(i.RCC_APB1PeriphClockCmd)
    RCC_APB1PeriphResetCmd                   0x08001e7d   Thumb Code    26  stm32f10x_rcc.o(i.RCC_APB1PeriphResetCmd)
    RCC_APB2PeriphClockCmd                   0x08001e9d   Thumb Code    26  stm32f10x_rcc.o(i.RCC_APB2PeriphClockCmd)
    RCC_APB2PeriphResetCmd                   0x08001ebd   Thumb Code    26  stm32f10x_rcc.o(i.RCC_APB2PeriphResetCmd)
    RCC_DeInit                               0x08001edd   Thumb Code    64  stm32f10x_rcc.o(i.RCC_DeInit)
    RCC_GetClocksFreq                        0x08001f29   Thumb Code   192  stm32f10x_rcc.o(i.RCC_GetClocksFreq)
    RCC_GetFlagStatus                        0x08001ffd   Thumb Code    56  stm32f10x_rcc.o(i.RCC_GetFlagStatus)
    RCC_GetSYSCLKSource                      0x08002039   Thumb Code    10  stm32f10x_rcc.o(i.RCC_GetSYSCLKSource)
    RCC_HCLKConfig                           0x08002049   Thumb Code    18  stm32f10x_rcc.o(i.RCC_HCLKConfig)
    RCC_HSEConfig                            0x08002061   Thumb Code    70  stm32f10x_rcc.o(i.RCC_HSEConfig)
    RCC_PCLK1Config                          0x080020ad   Thumb Code    18  stm32f10x_rcc.o(i.RCC_PCLK1Config)
    RCC_PCLK2Config                          0x080020c5   Thumb Code    20  stm32f10x_rcc.o(i.RCC_PCLK2Config)
    RCC_PLLCmd                               0x080020dd   Thumb Code     6  stm32f10x_rcc.o(i.RCC_PLLCmd)
    RCC_PLLConfig                            0x080020e9   Thumb Code    24  stm32f10x_rcc.o(i.RCC_PLLConfig)
    RCC_SYSCLKConfig                         0x08002105   Thumb Code    18  stm32f10x_rcc.o(i.RCC_SYSCLKConfig)
    RCC_WaitForHSEStartUp                    0x0800211d   Thumb Code    56  stm32f10x_rcc.o(i.RCC_WaitForHSEStartUp)
    Rcc_init                                 0x08002155   Thumb Code    26  rcc.o(i.Rcc_init)
    SysTick_CLKSourceConfig                  0x0800225d   Thumb Code    40  misc.o(i.SysTick_CLKSourceConfig)
    SystemInit                               0x08002285   Thumb Code    78  system_stm32f10x.o(i.SystemInit)
    System_clk_set                           0x080022e5   Thumb Code   106  rcc.o(i.System_clk_set)
    TIM1_init                                0x08002591   Thumb Code   156  tim.o(i.TIM1_init)
    TIM2_init                                0x08002635   Thumb Code   168  tim.o(i.TIM2_init)
    TIM4_IRQHandler                          0x080026e1   Thumb Code   276  tim.o(i.TIM4_IRQHandler)
    TIM4_Init                                0x0800285d   Thumb Code    52  tim.o(i.TIM4_Init)
    TIM_ARRPreloadConfig                     0x08002895   Thumb Code    24  stm32f10x_tim.o(i.TIM_ARRPreloadConfig)
    TIM_ClearFlag                            0x080028ad   Thumb Code     6  stm32f10x_tim.o(i.TIM_ClearFlag)
    TIM_ClearITPendingBit                    0x080028b3   Thumb Code     6  stm32f10x_tim.o(i.TIM_ClearITPendingBit)
    TIM_Cmd                                  0x080028b9   Thumb Code    24  stm32f10x_tim.o(i.TIM_Cmd)
    TIM_DeInit                               0x080028d1   Thumb Code   424  stm32f10x_tim.o(i.TIM_DeInit)
    TIM_EncoderInterfaceConfig               0x08002ab9   Thumb Code    66  stm32f10x_tim.o(i.TIM_EncoderInterfaceConfig)
    TIM_GetCounter                           0x08002afb   Thumb Code     6  stm32f10x_tim.o(i.TIM_GetCounter)
    TIM_GetITStatus                          0x08002b01   Thumb Code    34  stm32f10x_tim.o(i.TIM_GetITStatus)
    TIM_ICInit                               0x08002b25   Thumb Code   150  stm32f10x_tim.o(i.TIM_ICInit)
    TIM_ICStructInit                         0x08002bd1   Thumb Code    18  stm32f10x_tim.o(i.TIM_ICStructInit)
    TIM_ITConfig                             0x08002be3   Thumb Code    18  stm32f10x_tim.o(i.TIM_ITConfig)
    TIM_OC1Init                              0x08002bf5   Thumb Code   132  stm32f10x_tim.o(i.TIM_OC1Init)
    TIM_OC1PreloadConfig                     0x08002c8d   Thumb Code    18  stm32f10x_tim.o(i.TIM_OC1PreloadConfig)
    TIM_OC2Init                              0x08002ca1   Thumb Code   154  stm32f10x_tim.o(i.TIM_OC2Init)
    TIM_OC2PreloadConfig                     0x08002d45   Thumb Code    26  stm32f10x_tim.o(i.TIM_OC2PreloadConfig)
    TIM_OC3Init                              0x08002d61   Thumb Code   150  stm32f10x_tim.o(i.TIM_OC3Init)
    TIM_OC3PreloadConfig                     0x08002e01   Thumb Code    18  stm32f10x_tim.o(i.TIM_OC3PreloadConfig)
    TIM_OC4Init                              0x08002e15   Thumb Code   114  stm32f10x_tim.o(i.TIM_OC4Init)
    TIM_OC4PreloadConfig                     0x08002e91   Thumb Code    26  stm32f10x_tim.o(i.TIM_OC4PreloadConfig)
    TIM_SetIC1Prescaler                      0x08002eab   Thumb Code    18  stm32f10x_tim.o(i.TIM_SetIC1Prescaler)
    TIM_SetIC2Prescaler                      0x08002ebd   Thumb Code    26  stm32f10x_tim.o(i.TIM_SetIC2Prescaler)
    TIM_SetIC3Prescaler                      0x08002ed7   Thumb Code    18  stm32f10x_tim.o(i.TIM_SetIC3Prescaler)
    TIM_SetIC4Prescaler                      0x08002ee9   Thumb Code    26  stm32f10x_tim.o(i.TIM_SetIC4Prescaler)
    TIM_TimeBaseInit                         0x08002f05   Thumb Code   122  stm32f10x_tim.o(i.TIM_TimeBaseInit)
    TIM_TimeBaseStructInit                   0x08002fa9   Thumb Code    18  stm32f10x_tim.o(i.TIM_TimeBaseStructInit)
    USART1_Config                            0x08002fbd   Thumb Code    62  usart2.o(i.USART1_Config)
    USART1_GPIOConfig                        0x08003001   Thumb Code    66  usart2.o(i.USART1_GPIOConfig)
    USART1_IRQHandler                        0x08003049   Thumb Code    42  usart2.o(i.USART1_IRQHandler)
    USART_ClearFlag                          0x08003081   Thumb Code    18  stm32f10x_usart.o(i.USART_ClearFlag)
    USART_Cmd                                0x08003093   Thumb Code    24  stm32f10x_usart.o(i.USART_Cmd)
    USART_GetFlagStatus                      0x080030ab   Thumb Code    26  stm32f10x_usart.o(i.USART_GetFlagStatus)
    USART_GetITStatus                        0x080030c5   Thumb Code    84  stm32f10x_usart.o(i.USART_GetITStatus)
    USART_ITConfig                           0x08003119   Thumb Code    74  stm32f10x_usart.o(i.USART_ITConfig)
    USART_Init                               0x08003165   Thumb Code   210  stm32f10x_usart.o(i.USART_Init)
    USART_ReceiveData                        0x0800323d   Thumb Code    10  stm32f10x_usart.o(i.USART_ReceiveData)
    USART_SendData                           0x08003247   Thumb Code     8  stm32f10x_usart.o(i.USART_SendData)
    __ARM_fpclassify                         0x0800324f   Thumb Code    40  fpclassify.o(i.__ARM_fpclassify)
    __ieee754_rem_pio2                       0x08003279   Thumb Code   828  rred.o(i.__ieee754_rem_pio2)
    __kernel_cos                             0x08003601   Thumb Code   230  cos_i.o(i.__kernel_cos)
    __kernel_poly                            0x080036fd   Thumb Code   170  poly.o(i.__kernel_poly)
    __kernel_sin                             0x080037a9   Thumb Code   224  sin_i.o(i.__kernel_sin)
    __mathlib_dbl_infnan                     0x08003895   Thumb Code     6  dunder.o(i.__mathlib_dbl_infnan)
    __mathlib_dbl_invalid                    0x0800389b   Thumb Code    12  dunder.o(i.__mathlib_dbl_invalid)
    __mathlib_dbl_underflow                  0x080038a9   Thumb Code    10  dunder.o(i.__mathlib_dbl_underflow)
    _is_digit                                0x080038b9   Thumb Code    14  __printf_wp.o(i._is_digit)
    delay_init                               0x080038c9   Thumb Code    50  delay.o(i.delay_init)
    main                                     0x0800390d   Thumb Code    74  main.o(i.main)
    sin                                      0x08003961   Thumb Code   150  sin.o(i.sin)
    uprintf                                  0x08003a01   Thumb Code   138  usart2.o(i.uprintf)
    _get_lc_numeric                          0x08003a8d   Thumb Code    44  lc_numeric_c.o(locale$$code)
    _get_lc_ctype                            0x08003ab9   Thumb Code    44  lc_ctype_c.o(locale$$code)
    __aeabi_dadd                             0x08003ae5   Thumb Code     0  daddsub_clz.o(x$fpl$dadd)
    _dadd                                    0x08003ae5   Thumb Code   332  daddsub_clz.o(x$fpl$dadd)
    __fpl_dcheck_NaN1                        0x08003c35   Thumb Code    10  dcheck1.o(x$fpl$dcheck1)
    __fpl_dcmp_Inf                           0x08003c45   Thumb Code    24  dcmpi.o(x$fpl$dcmpinf)
    __aeabi_ddiv                             0x08003c5d   Thumb Code     0  ddiv.o(x$fpl$ddiv)
    _ddiv                                    0x08003c5d   Thumb Code   552  ddiv.o(x$fpl$ddiv)
    __aeabi_cdcmpeq                          0x08003f0d   Thumb Code     0  deqf.o(x$fpl$deqf)
    _dcmpeq                                  0x08003f0d   Thumb Code   120  deqf.o(x$fpl$deqf)
    __aeabi_d2iz                             0x08003f85   Thumb Code     0  dfix.o(x$fpl$dfix)
    _dfix                                    0x08003f85   Thumb Code    94  dfix.o(x$fpl$dfix)
    __aeabi_d2uiz                            0x08003fe5   Thumb Code     0  dfixu.o(x$fpl$dfixu)
    _dfixu                                   0x08003fe5   Thumb Code    90  dfixu.o(x$fpl$dfixu)
    __aeabi_i2d                              0x0800403f   Thumb Code     0  dflt_clz.o(x$fpl$dflt)
    _dflt                                    0x0800403f   Thumb Code    46  dflt_clz.o(x$fpl$dflt)
    __aeabi_ui2d                             0x0800406d   Thumb Code     0  dflt_clz.o(x$fpl$dfltu)
    _dfltu                                   0x0800406d   Thumb Code    38  dflt_clz.o(x$fpl$dfltu)
    __aeabi_cdcmple                          0x08004095   Thumb Code     0  dleqf.o(x$fpl$dleqf)
    _dcmple                                  0x08004095   Thumb Code   120  dleqf.o(x$fpl$dleqf)
    __fpl_dcmple_InfNaN                      0x080040f7   Thumb Code     0  dleqf.o(x$fpl$dleqf)
    __aeabi_dmul                             0x0800410d   Thumb Code     0  dmul.o(x$fpl$dmul)
    _dmul                                    0x0800410d   Thumb Code   332  dmul.o(x$fpl$dmul)
    __fpl_dnaninf                            0x08004261   Thumb Code   156  dnaninf.o(x$fpl$dnaninf)
    __fpl_dretinf                            0x080042fd   Thumb Code    12  dretinf.o(x$fpl$dretinf)
    __aeabi_cdrcmple                         0x08004309   Thumb Code     0  drleqf.o(x$fpl$drleqf)
    _drcmple                                 0x08004309   Thumb Code   108  drleqf.o(x$fpl$drleqf)
    __aeabi_drsub                            0x08004375   Thumb Code     0  daddsub_clz.o(x$fpl$drsb)
    _drsb                                    0x08004375   Thumb Code    22  daddsub_clz.o(x$fpl$drsb)
    __aeabi_dsub                             0x0800438d   Thumb Code     0  daddsub_clz.o(x$fpl$dsub)
    _dsub                                    0x0800438d   Thumb Code   464  daddsub_clz.o(x$fpl$dsub)
    _printf_fp_dec                           0x08004561   Thumb Code     4  printf1.o(x$fpl$printf1)
    __fpl_return_NaN                         0x08004565   Thumb Code   100  retnan.o(x$fpl$retnan)
    __ARM_scalbn                             0x080045c9   Thumb Code    92  scalbn.o(x$fpl$scalbn)
    __fpl_cmpreturn                          0x08004625   Thumb Code    48  trapv.o(x$fpl$trapveneer)
    __I$use$fp                               0x08004654   Number         0  usenofp.o(x$fpl$usenofp)
    Region$$Table$$Base                      0x0800484c   Number         0  anon$$obj.o(Region$$Table)
    Region$$Table$$Limit                     0x0800486c   Number         0  anon$$obj.o(Region$$Table)
    __ctype                                  0x08004895   Data           0  lc_ctype_c.o(locale$$data)
    SET_SPEED                                0x20000000   Data           4  main.o(.data)
    Key                                      0x20000004   Data           1  main.o(.data)
    Adjust_Mode_Flag                         0x20000005   Data           1  main.o(.data)
    SystemCoreClock                          0x20000008   Data           4  system_stm32f10x.o(.data)
    AHBPrescTable                            0x2000000c   Data          16  system_stm32f10x.o(.data)
    USART1_RX_STA                            0x20000030   Data           2  usart2.o(.data)
    Feedback_Motor                           0x20000038   Data           4  pid.o(.data)
    Feedback_Motor_Slave                     0x2000003c   Data           4  pid.o(.data)
    Motor_Slave_Position_Kp                  0x20000044   Data           1  pid.o(.data)
    Motor_Position_ek_0                      0x20000048   Data           4  pid.o(.data)
    Motor_Position                           0x2000004c   Data           4  pid.o(.data)
    Motor_Position_Stop                      0x20000050   Data           2  pid.o(.data)
    Motor_Position_Speed                     0x20000052   Data           2  pid.o(.data)
    USART_flag                               0x20000054   Data           2  tim.o(.data)
    degree                                   0x20000056   Data           2  tim.o(.data)
    MODE                                     0x20000058   Data           1  tim.o(.data)
    fangbo                                   0x2000005a   Data           2  tim.o(.data)
    USART1_RX_BUF                            0x20000060   Data         200  usart2.o(.bss)
    __libspace_start                         0x20000178   Data          96  libspace.o(.bss)
    __temporary_stack_top$libspace           0x200001d8   Data           0  libspace.o(.bss)



==============================================================================

Memory Map of the image

  Image Entry point : 0x080000ed

  Load Region LR_IROM1 (Base: 0x08000000, Size: 0x000049f8, Max: 0x00020000, ABSOLUTE)

    Execution Region ER_IROM1 (Base: 0x08000000, Size: 0x00004998, Max: 0x00020000, ABSOLUTE)

    Base Addr    Size         Type   Attr      Idx    E Section Name        Object

    0x08000000   0x000000ec   Data   RO          208    RESET               startup_stm32f10x_md.o
    0x080000ec   0x00000008   Code   RO         3662  * !!!main             c_w.l(__main.o)
    0x080000f4   0x00000034   Code   RO         4086    !!!scatter          c_w.l(__scatter.o)
    0x08000128   0x0000001a   Code   RO         4088    !!handler_copy      c_w.l(__scatter_copy.o)
    0x08000142   0x00000002   PAD
    0x08000144   0x0000001c   Code   RO         4090    !!handler_zi        c_w.l(__scatter_zi.o)
    0x08000160   0x00000000   Code   RO         3802    .ARM.Collect$$_printf_percent$$00000000  c_w.l(_printf_percent.o)
    0x08000160   0x00000006   Code   RO         3791    .ARM.Collect$$_printf_percent$$00000001  c_w.l(_printf_n.o)
    0x08000166   0x00000006   Code   RO         3793    .ARM.Collect$$_printf_percent$$00000002  c_w.l(_printf_p.o)
    0x0800016c   0x00000006   Code   RO         3798    .ARM.Collect$$_printf_percent$$00000003  c_w.l(_printf_f.o)
    0x08000172   0x00000006   Code   RO         3799    .ARM.Collect$$_printf_percent$$00000004  c_w.l(_printf_e.o)
    0x08000178   0x00000006   Code   RO         3800    .ARM.Collect$$_printf_percent$$00000005  c_w.l(_printf_g.o)
    0x0800017e   0x00000006   Code   RO         3801    .ARM.Collect$$_printf_percent$$00000006  c_w.l(_printf_a.o)
    0x08000184   0x0000000a   Code   RO         3806    .ARM.Collect$$_printf_percent$$00000007  c_w.l(_printf_ll.o)
    0x0800018e   0x00000006   Code   RO         3795    .ARM.Collect$$_printf_percent$$00000008  c_w.l(_printf_i.o)
    0x08000194   0x00000006   Code   RO         3796    .ARM.Collect$$_printf_percent$$00000009  c_w.l(_printf_d.o)
    0x0800019a   0x00000006   Code   RO         3797    .ARM.Collect$$_printf_percent$$0000000A  c_w.l(_printf_u.o)
    0x080001a0   0x00000006   Code   RO         3794    .ARM.Collect$$_printf_percent$$0000000B  c_w.l(_printf_o.o)
    0x080001a6   0x00000006   Code   RO         3792    .ARM.Collect$$_printf_percent$$0000000C  c_w.l(_printf_x.o)
    0x080001ac   0x00000006   Code   RO         3803    .ARM.Collect$$_printf_percent$$0000000D  c_w.l(_printf_lli.o)
    0x080001b2   0x00000006   Code   RO         3804    .ARM.Collect$$_printf_percent$$0000000E  c_w.l(_printf_lld.o)
    0x080001b8   0x00000006   Code   RO         3805    .ARM.Collect$$_printf_percent$$0000000F  c_w.l(_printf_llu.o)
    0x080001be   0x00000006   Code   RO         3810    .ARM.Collect$$_printf_percent$$00000010  c_w.l(_printf_llo.o)
    0x080001c4   0x00000006   Code   RO         3811    .ARM.Collect$$_printf_percent$$00000011  c_w.l(_printf_llx.o)
    0x080001ca   0x0000000a   Code   RO         3807    .ARM.Collect$$_printf_percent$$00000012  c_w.l(_printf_l.o)
    0x080001d4   0x00000006   Code   RO         3789    .ARM.Collect$$_printf_percent$$00000013  c_w.l(_printf_c.o)
    0x080001da   0x00000006   Code   RO         3790    .ARM.Collect$$_printf_percent$$00000014  c_w.l(_printf_s.o)
    0x080001e0   0x00000006   Code   RO         3808    .ARM.Collect$$_printf_percent$$00000015  c_w.l(_printf_lc.o)
    0x080001e6   0x00000006   Code   RO         3809    .ARM.Collect$$_printf_percent$$00000016  c_w.l(_printf_ls.o)
    0x080001ec   0x00000004   Code   RO         3889    .ARM.Collect$$_printf_percent$$00000017  c_w.l(_printf_percent_end.o)
    0x080001f0   0x00000002   Code   RO         3947    .ARM.Collect$$libinit$$00000000  c_w.l(libinit.o)
    0x080001f2   0x00000000   Code   RO         3960    .ARM.Collect$$libinit$$00000002  c_w.l(libinit2.o)
    0x080001f2   0x00000000   Code   RO         3962    .ARM.Collect$$libinit$$00000004  c_w.l(libinit2.o)
    0x080001f2   0x00000000   Code   RO         3965    .ARM.Collect$$libinit$$0000000A  c_w.l(libinit2.o)
    0x080001f2   0x00000000   Code   RO         3967    .ARM.Collect$$libinit$$0000000C  c_w.l(libinit2.o)
    0x080001f2   0x00000000   Code   RO         3969    .ARM.Collect$$libinit$$0000000E  c_w.l(libinit2.o)
    0x080001f2   0x00000006   Code   RO         3970    .ARM.Collect$$libinit$$0000000F  c_w.l(libinit2.o)
    0x080001f8   0x00000000   Code   RO         3972    .ARM.Collect$$libinit$$00000011  c_w.l(libinit2.o)
    0x080001f8   0x0000000c   Code   RO         3973    .ARM.Collect$$libinit$$00000012  c_w.l(libinit2.o)
    0x08000204   0x00000000   Code   RO         3974    .ARM.Collect$$libinit$$00000013  c_w.l(libinit2.o)
    0x08000204   0x00000000   Code   RO         3976    .ARM.Collect$$libinit$$00000015  c_w.l(libinit2.o)
    0x08000204   0x0000000a   Code   RO         3977    .ARM.Collect$$libinit$$00000016  c_w.l(libinit2.o)
    0x0800020e   0x00000000   Code   RO         3978    .ARM.Collect$$libinit$$00000017  c_w.l(libinit2.o)
    0x0800020e   0x00000000   Code   RO         3980    .ARM.Collect$$libinit$$00000019  c_w.l(libinit2.o)
    0x0800020e   0x00000000   Code   RO         3982    .ARM.Collect$$libinit$$0000001B  c_w.l(libinit2.o)
    0x0800020e   0x00000000   Code   RO         3984    .ARM.Collect$$libinit$$0000001D  c_w.l(libinit2.o)
    0x0800020e   0x00000000   Code   RO         3986    .ARM.Collect$$libinit$$0000001F  c_w.l(libinit2.o)
    0x0800020e   0x00000000   Code   RO         3988    .ARM.Collect$$libinit$$00000021  c_w.l(libinit2.o)
    0x0800020e   0x00000000   Code   RO         3990    .ARM.Collect$$libinit$$00000023  c_w.l(libinit2.o)
    0x0800020e   0x00000000   Code   RO         3992    .ARM.Collect$$libinit$$00000025  c_w.l(libinit2.o)
    0x0800020e   0x00000000   Code   RO         3996    .ARM.Collect$$libinit$$0000002C  c_w.l(libinit2.o)
    0x0800020e   0x00000000   Code   RO         3998    .ARM.Collect$$libinit$$0000002E  c_w.l(libinit2.o)
    0x0800020e   0x00000000   Code   RO         4000    .ARM.Collect$$libinit$$00000030  c_w.l(libinit2.o)
    0x0800020e   0x00000000   Code   RO         4002    .ARM.Collect$$libinit$$00000032  c_w.l(libinit2.o)
    0x0800020e   0x00000002   Code   RO         4003    .ARM.Collect$$libinit$$00000033  c_w.l(libinit2.o)
    0x08000210   0x00000002   Code   RO         4027    .ARM.Collect$$libshutdown$$00000000  c_w.l(libshutdown.o)
    0x08000212   0x00000000   Code   RO         4041    .ARM.Collect$$libshutdown$$00000003  c_w.l(libshutdown2.o)
    0x08000212   0x00000000   Code   RO         4044    .ARM.Collect$$libshutdown$$00000006  c_w.l(libshutdown2.o)
    0x08000212   0x00000000   Code   RO         4047    .ARM.Collect$$libshutdown$$00000009  c_w.l(libshutdown2.o)
    0x08000212   0x00000000   Code   RO         4049    .ARM.Collect$$libshutdown$$0000000B  c_w.l(libshutdown2.o)
    0x08000212   0x00000000   Code   RO         4052    .ARM.Collect$$libshutdown$$0000000E  c_w.l(libshutdown2.o)
    0x08000212   0x00000002   Code   RO         4053    .ARM.Collect$$libshutdown$$0000000F  c_w.l(libshutdown2.o)
    0x08000214   0x00000000   Code   RO         3716    .ARM.Collect$$rtentry$$00000000  c_w.l(__rtentry.o)
    0x08000214   0x00000000   Code   RO         3858    .ARM.Collect$$rtentry$$00000002  c_w.l(__rtentry2.o)
    0x08000214   0x00000006   Code   RO         3870    .ARM.Collect$$rtentry$$00000004  c_w.l(__rtentry4.o)
    0x0800021a   0x00000000   Code   RO         3860    .ARM.Collect$$rtentry$$00000009  c_w.l(__rtentry2.o)
    0x0800021a   0x00000004   Code   RO         3861    .ARM.Collect$$rtentry$$0000000A  c_w.l(__rtentry2.o)
    0x0800021e   0x00000000   Code   RO         3863    .ARM.Collect$$rtentry$$0000000C  c_w.l(__rtentry2.o)
    0x0800021e   0x00000008   Code   RO         3864    .ARM.Collect$$rtentry$$0000000D  c_w.l(__rtentry2.o)
    0x08000226   0x00000002   Code   RO         3952    .ARM.Collect$$rtexit$$00000000  c_w.l(rtexit.o)
    0x08000228   0x00000000   Code   RO         4007    .ARM.Collect$$rtexit$$00000002  c_w.l(rtexit2.o)
    0x08000228   0x00000004   Code   RO         4008    .ARM.Collect$$rtexit$$00000003  c_w.l(rtexit2.o)
    0x0800022c   0x00000006   Code   RO         4009    .ARM.Collect$$rtexit$$00000004  c_w.l(rtexit2.o)
    0x08000232   0x00000002   PAD
    0x08000234   0x00000040   Code   RO          209    .text               startup_stm32f10x_md.o
    0x08000274   0x00000034   Code   RO         3658    .text               c_w.l(c89vsnprintf.o)
    0x080002a8   0x00000006   Code   RO         3660    .text               c_w.l(heapauxi.o)
    0x080002ae   0x00000016   Code   RO         3717    .text               c_w.l(_rserrno.o)
    0x080002c4   0x0000004e   Code   RO         3721    .text               c_w.l(_printf_pad.o)
    0x08000312   0x00000024   Code   RO         3723    .text               c_w.l(_printf_truncate.o)
    0x08000336   0x00000052   Code   RO         3725    .text               c_w.l(_printf_str.o)
    0x08000388   0x00000078   Code   RO         3727    .text               c_w.l(_printf_dec.o)
    0x08000400   0x00000028   Code   RO         3729    .text               c_w.l(_printf_charcount.o)
    0x08000428   0x00000030   Code   RO         3731    .text               c_w.l(_printf_char_common.o)
    0x08000458   0x0000000a   Code   RO         3733    .text               c_w.l(_sputc.o)
    0x08000462   0x00000010   Code   RO         3735    .text               c_w.l(_snputc.o)
    0x08000472   0x00000002   PAD
    0x08000474   0x000000bc   Code   RO         3737    .text               c_w.l(_printf_wctomb.o)
    0x08000530   0x0000007c   Code   RO         3740    .text               c_w.l(_printf_longlong_dec.o)
    0x080005ac   0x00000070   Code   RO         3746    .text               c_w.l(_printf_oct_int_ll.o)
    0x0800061c   0x00000094   Code   RO         3766    .text               c_w.l(_printf_hex_int_ll_ptr.o)
    0x080006b0   0x00000188   Code   RO         3786    .text               c_w.l(__printf_flags_ss_wp.o)
    0x08000838   0x00000008   Code   RO         3875    .text               c_w.l(rt_errno_addr_intlibspace.o)
    0x08000840   0x0000008a   Code   RO         3877    .text               c_w.l(lludiv10.o)
    0x080008ca   0x000000b2   Code   RO         3879    .text               c_w.l(_printf_intcommon.o)
    0x0800097c   0x0000041a   Code   RO         3881    .text               c_w.l(_printf_fp_dec.o)
    0x08000d96   0x0000002c   Code   RO         3885    .text               c_w.l(_printf_char.o)
    0x08000dc2   0x0000002c   Code   RO         3887    .text               c_w.l(_printf_wchar.o)
    0x08000dee   0x00000040   Code   RO         3890    .text               c_w.l(_wcrtomb.o)
    0x08000e2e   0x00000002   PAD
    0x08000e30   0x00000008   Code   RO         3898    .text               c_w.l(libspace.o)
    0x08000e38   0x0000004a   Code   RO         3901    .text               c_w.l(sys_stackheap_outer.o)
    0x08000e82   0x00000002   PAD
    0x08000e84   0x00000010   Code   RO         3903    .text               c_w.l(rt_ctype_table.o)
    0x08000e94   0x00000008   Code   RO         3908    .text               c_w.l(rt_locale_intlibspace.o)
    0x08000e9c   0x00000080   Code   RO         3910    .text               c_w.l(_printf_fp_infnan.o)
    0x08000f1c   0x000000dc   Code   RO         3912    .text               c_w.l(bigflt0.o)
    0x08000ff8   0x0000000c   Code   RO         3940    .text               c_w.l(exit.o)
    0x08001004   0x00000080   Code   RO         3957    .text               c_w.l(strcmpv7m.o)
    0x08001084   0x0000000c   Code   RO         4019    .text               c_w.l(sys_exit.o)
    0x08001090   0x00000002   Code   RO         4030    .text               c_w.l(use_no_semi.o)
    0x08001092   0x00000000   Code   RO         4032    .text               c_w.l(indicate_semi.o)
    0x08001092   0x0000003e   Code   RO         3915    CL$$btod_d2e        c_w.l(btod.o)
    0x080010d0   0x00000046   Code   RO         3917    CL$$btod_d2e_denorm_low  c_w.l(btod.o)
    0x08001116   0x00000060   Code   RO         3916    CL$$btod_d2e_norm_op1  c_w.l(btod.o)
    0x08001176   0x00000338   Code   RO         3925    CL$$btod_div_common  c_w.l(btod.o)
    0x080014ae   0x000000c6   Code   RO         3922    CL$$btod_e2e        c_w.l(btod.o)
    0x08001574   0x00000028   Code   RO         3919    CL$$btod_ediv       c_w.l(btod.o)
    0x0800159c   0x00000028   Code   RO         3918    CL$$btod_emul       c_w.l(btod.o)
    0x080015c4   0x00000244   Code   RO         3924    CL$$btod_mult_common  c_w.l(btod.o)
    0x08001808   0x00000002   Code   RO         3244    i.ADC1_2_IRQHandler  adc.o
    0x0800180a   0x00000002   PAD
    0x0800180c   0x0000001c   Code   RO         1003    i.FLASH_PrefetchBufferCmd  stm32f10x_flash.o
    0x08001828   0x00000018   Code   RO         1008    i.FLASH_SetLatency  stm32f10x_flash.o
    0x08001840   0x00000116   Code   RO         1292    i.GPIO_Init         stm32f10x_gpio.o
    0x08001956   0x00000002   PAD
    0x08001958   0x00000090   Code   RO         1294    i.GPIO_PinRemapConfig  stm32f10x_gpio.o
    0x080019e8   0x00000004   Code   RO         1300    i.GPIO_SetBits      stm32f10x_gpio.o
    0x080019ec   0x00000028   Code   RO         3411    i.Motor1            pwm.o
    0x08001a14   0x00000028   Code   RO         3412    i.Motor2            pwm.o
    0x08001a3c   0x00000044   Code   RO         3205    i.Motor_Pid_Init    pid.o
    0x08001a80   0x000001dc   Code   RO         3206    i.Motor_Slave_PIDAdjust  pid.o
    0x08001c5c   0x00000044   Code   RO         3207    i.Motor_Slave_Pid_Init  pid.o
    0x08001ca0   0x00000048   Code   RO            1    i.NVIC_Config       main.o
    0x08001ce8   0x00000070   Code   RO          213    i.NVIC_Init         misc.o
    0x08001d58   0x00000014   Code   RO          214    i.NVIC_PriorityGroupConfig  misc.o
    0x08001d6c   0x000000f0   Code   RO         3413    i.PWM_Init          pwm.o
    0x08001e5c   0x00000020   Code   RO         1717    i.RCC_APB1PeriphClockCmd  stm32f10x_rcc.o
    0x08001e7c   0x00000020   Code   RO         1718    i.RCC_APB1PeriphResetCmd  stm32f10x_rcc.o
    0x08001e9c   0x00000020   Code   RO         1719    i.RCC_APB2PeriphClockCmd  stm32f10x_rcc.o
    0x08001ebc   0x00000020   Code   RO         1720    i.RCC_APB2PeriphResetCmd  stm32f10x_rcc.o
    0x08001edc   0x0000004c   Code   RO         1726    i.RCC_DeInit        stm32f10x_rcc.o
    0x08001f28   0x000000d4   Code   RO         1727    i.RCC_GetClocksFreq  stm32f10x_rcc.o
    0x08001ffc   0x0000003c   Code   RO         1728    i.RCC_GetFlagStatus  stm32f10x_rcc.o
    0x08002038   0x00000010   Code   RO         1730    i.RCC_GetSYSCLKSource  stm32f10x_rcc.o
    0x08002048   0x00000018   Code   RO         1731    i.RCC_HCLKConfig    stm32f10x_rcc.o
    0x08002060   0x0000004c   Code   RO         1732    i.RCC_HSEConfig     stm32f10x_rcc.o
    0x080020ac   0x00000018   Code   RO         1738    i.RCC_PCLK1Config   stm32f10x_rcc.o
    0x080020c4   0x00000018   Code   RO         1739    i.RCC_PCLK2Config   stm32f10x_rcc.o
    0x080020dc   0x0000000c   Code   RO         1740    i.RCC_PLLCmd        stm32f10x_rcc.o
    0x080020e8   0x0000001c   Code   RO         1741    i.RCC_PLLConfig     stm32f10x_rcc.o
    0x08002104   0x00000018   Code   RO         1744    i.RCC_SYSCLKConfig  stm32f10x_rcc.o
    0x0800211c   0x00000038   Code   RO         1746    i.RCC_WaitForHSEStartUp  stm32f10x_rcc.o
    0x08002154   0x00000020   Code   RO         3348    i.Rcc_init          rcc.o
    0x08002174   0x00000008   Code   RO          150    i.SetSysClock       system_stm32f10x.o
    0x0800217c   0x000000e0   Code   RO          151    i.SetSysClockTo72   system_stm32f10x.o
    0x0800225c   0x00000028   Code   RO          217    i.SysTick_CLKSourceConfig  misc.o
    0x08002284   0x00000060   Code   RO          153    i.SystemInit        system_stm32f10x.o
    0x080022e4   0x0000006a   Code   RO         3349    i.System_clk_set    rcc.o
    0x0800234e   0x00000002   PAD
    0x08002350   0x00000080   Code   RO         2344    i.TI1_Config        stm32f10x_tim.o
    0x080023d0   0x00000098   Code   RO         2345    i.TI2_Config        stm32f10x_tim.o
    0x08002468   0x00000090   Code   RO         2346    i.TI3_Config        stm32f10x_tim.o
    0x080024f8   0x00000098   Code   RO         2347    i.TI4_Config        stm32f10x_tim.o
    0x08002590   0x000000a4   Code   RO         3275    i.TIM1_init         tim.o
    0x08002634   0x000000ac   Code   RO         3276    i.TIM2_init         tim.o
    0x080026e0   0x0000017c   Code   RO         3277    i.TIM4_IRQHandler   tim.o
    0x0800285c   0x00000038   Code   RO         3278    i.TIM4_Init         tim.o
    0x08002894   0x00000018   Code   RO         2348    i.TIM_ARRPreloadConfig  stm32f10x_tim.o
    0x080028ac   0x00000006   Code   RO         2354    i.TIM_ClearFlag     stm32f10x_tim.o
    0x080028b2   0x00000006   Code   RO         2355    i.TIM_ClearITPendingBit  stm32f10x_tim.o
    0x080028b8   0x00000018   Code   RO         2360    i.TIM_Cmd           stm32f10x_tim.o
    0x080028d0   0x000001e8   Code   RO         2365    i.TIM_DeInit        stm32f10x_tim.o
    0x08002ab8   0x00000042   Code   RO         2369    i.TIM_EncoderInterfaceConfig  stm32f10x_tim.o
    0x08002afa   0x00000006   Code   RO         2379    i.TIM_GetCounter    stm32f10x_tim.o
    0x08002b00   0x00000022   Code   RO         2381    i.TIM_GetITStatus   stm32f10x_tim.o
    0x08002b22   0x00000002   PAD
    0x08002b24   0x000000ac   Code   RO         2383    i.TIM_ICInit        stm32f10x_tim.o
    0x08002bd0   0x00000012   Code   RO         2384    i.TIM_ICStructInit  stm32f10x_tim.o
    0x08002be2   0x00000012   Code   RO         2385    i.TIM_ITConfig      stm32f10x_tim.o
    0x08002bf4   0x00000098   Code   RO         2389    i.TIM_OC1Init       stm32f10x_tim.o
    0x08002c8c   0x00000012   Code   RO         2392    i.TIM_OC1PreloadConfig  stm32f10x_tim.o
    0x08002c9e   0x00000002   PAD
    0x08002ca0   0x000000a4   Code   RO         2394    i.TIM_OC2Init       stm32f10x_tim.o
    0x08002d44   0x0000001a   Code   RO         2397    i.TIM_OC2PreloadConfig  stm32f10x_tim.o
    0x08002d5e   0x00000002   PAD
    0x08002d60   0x000000a0   Code   RO         2399    i.TIM_OC3Init       stm32f10x_tim.o
    0x08002e00   0x00000012   Code   RO         2402    i.TIM_OC3PreloadConfig  stm32f10x_tim.o
    0x08002e12   0x00000002   PAD
    0x08002e14   0x0000007c   Code   RO         2404    i.TIM_OC4Init       stm32f10x_tim.o
    0x08002e90   0x0000001a   Code   RO         2406    i.TIM_OC4PreloadConfig  stm32f10x_tim.o
    0x08002eaa   0x00000012   Code   RO         2426    i.TIM_SetIC1Prescaler  stm32f10x_tim.o
    0x08002ebc   0x0000001a   Code   RO         2427    i.TIM_SetIC2Prescaler  stm32f10x_tim.o
    0x08002ed6   0x00000012   Code   RO         2428    i.TIM_SetIC3Prescaler  stm32f10x_tim.o
    0x08002ee8   0x0000001a   Code   RO         2429    i.TIM_SetIC4Prescaler  stm32f10x_tim.o
    0x08002f02   0x00000002   PAD
    0x08002f04   0x000000a4   Code   RO         2431    i.TIM_TimeBaseInit  stm32f10x_tim.o
    0x08002fa8   0x00000012   Code   RO         2432    i.TIM_TimeBaseStructInit  stm32f10x_tim.o
    0x08002fba   0x00000002   PAD
    0x08002fbc   0x00000044   Code   RO         3157    i.USART1_Config     usart2.o
    0x08003000   0x00000048   Code   RO         3158    i.USART1_GPIOConfig  usart2.o
    0x08003048   0x00000038   Code   RO         3159    i.USART1_IRQHandler  usart2.o
    0x08003080   0x00000012   Code   RO         2892    i.USART_ClearFlag   stm32f10x_usart.o
    0x08003092   0x00000018   Code   RO         2896    i.USART_Cmd         stm32f10x_usart.o
    0x080030aa   0x0000001a   Code   RO         2899    i.USART_GetFlagStatus  stm32f10x_usart.o
    0x080030c4   0x00000054   Code   RO         2900    i.USART_GetITStatus  stm32f10x_usart.o
    0x08003118   0x0000004a   Code   RO         2902    i.USART_ITConfig    stm32f10x_usart.o
    0x08003162   0x00000002   PAD
    0x08003164   0x000000d8   Code   RO         2903    i.USART_Init        stm32f10x_usart.o
    0x0800323c   0x0000000a   Code   RO         2910    i.USART_ReceiveData  stm32f10x_usart.o
    0x08003246   0x00000008   Code   RO         2913    i.USART_SendData    stm32f10x_usart.o
    0x0800324e   0x00000028   Code   RO         3894    i.__ARM_fpclassify  m_ws.l(fpclassify.o)
    0x08003276   0x00000002   PAD
    0x08003278   0x00000388   Code   RO         3846    i.__ieee754_rem_pio2  m_ws.l(rred.o)
    0x08003600   0x000000fc   Code   RO         3829    i.__kernel_cos      m_ws.l(cos_i.o)
    0x080036fc   0x000000aa   Code   RO         3896    i.__kernel_poly     m_ws.l(poly.o)
    0x080037a6   0x00000002   PAD
    0x080037a8   0x000000ec   Code   RO         3851    i.__kernel_sin      m_ws.l(sin_i.o)
    0x08003894   0x00000006   Code   RO         3833    i.__mathlib_dbl_infnan  m_ws.l(dunder.o)
    0x0800389a   0x0000000c   Code   RO         3835    i.__mathlib_dbl_invalid  m_ws.l(dunder.o)
    0x080038a6   0x00000002   PAD
    0x080038a8   0x00000010   Code   RO         3838    i.__mathlib_dbl_underflow  m_ws.l(dunder.o)
    0x080038b8   0x0000000e   Code   RO         3779    i._is_digit         c_w.l(__printf_wp.o)
    0x080038c6   0x00000002   PAD
    0x080038c8   0x00000044   Code   RO         3319    i.delay_init        delay.o
    0x0800390c   0x00000054   Code   RO            3    i.main              main.o
    0x08003960   0x000000a0   Code   RO         3709    i.sin               m_ws.l(sin.o)
    0x08003a00   0x0000008a   Code   RO         3160    i.uprintf           usart2.o
    0x08003a8a   0x00000002   PAD
    0x08003a8c   0x0000002c   Code   RO         3938    locale$$code        c_w.l(lc_numeric_c.o)
    0x08003ab8   0x0000002c   Code   RO         3955    locale$$code        c_w.l(lc_ctype_c.o)
    0x08003ae4   0x00000150   Code   RO         3664    x$fpl$dadd          fz_ws.l(daddsub_clz.o)
    0x08003c34   0x00000010   Code   RO         3948    x$fpl$dcheck1       fz_ws.l(dcheck1.o)
    0x08003c44   0x00000018   Code   RO         3812    x$fpl$dcmpinf       fz_ws.l(dcmpi.o)
    0x08003c5c   0x000002b0   Code   RO         3671    x$fpl$ddiv          fz_ws.l(ddiv.o)
    0x08003f0c   0x00000078   Code   RO         3674    x$fpl$deqf          fz_ws.l(deqf.o)
    0x08003f84   0x0000005e   Code   RO         3676    x$fpl$dfix          fz_ws.l(dfix.o)
    0x08003fe2   0x00000002   PAD
    0x08003fe4   0x0000005a   Code   RO         3680    x$fpl$dfixu         fz_ws.l(dfixu.o)
    0x0800403e   0x0000002e   Code   RO         3685    x$fpl$dflt          fz_ws.l(dflt_clz.o)
    0x0800406c   0x00000026   Code   RO         3684    x$fpl$dfltu         fz_ws.l(dflt_clz.o)
    0x08004092   0x00000002   PAD
    0x08004094   0x00000078   Code   RO         3814    x$fpl$dleqf         fz_ws.l(dleqf.o)
    0x0800410c   0x00000154   Code   RO         3690    x$fpl$dmul          fz_ws.l(dmul.o)
    0x08004260   0x0000009c   Code   RO         3816    x$fpl$dnaninf       fz_ws.l(dnaninf.o)
    0x080042fc   0x0000000c   Code   RO         3818    x$fpl$dretinf       fz_ws.l(dretinf.o)
    0x08004308   0x0000006c   Code   RO         3692    x$fpl$drleqf        fz_ws.l(drleqf.o)
    0x08004374   0x00000016   Code   RO         3665    x$fpl$drsb          fz_ws.l(daddsub_clz.o)
    0x0800438a   0x00000002   PAD
    0x0800438c   0x000001d4   Code   RO         3666    x$fpl$dsub          fz_ws.l(daddsub_clz.o)
    0x08004560   0x00000004   Code   RO         3826    x$fpl$printf1       fz_ws.l(printf1.o)
    0x08004564   0x00000064   Code   RO         4004    x$fpl$retnan        fz_ws.l(retnan.o)
    0x080045c8   0x0000005c   Code   RO         3892    x$fpl$scalbn        fz_ws.l(scalbn.o)
    0x08004624   0x00000030   Code   RO         4017    x$fpl$trapveneer    fz_ws.l(trapv.o)
    0x08004654   0x00000000   Code   RO         3828    x$fpl$usenofp       fz_ws.l(usenofp.o)
    0x08004654   0x00000008   Data   RO         3738    .constdata          c_w.l(_printf_wctomb.o)
    0x0800465c   0x00000028   Data   RO         3767    .constdata          c_w.l(_printf_hex_int_ll_ptr.o)
    0x08004684   0x00000011   Data   RO         3787    .constdata          c_w.l(__printf_flags_ss_wp.o)
    0x08004695   0x00000003   PAD
    0x08004698   0x00000030   Data   RO         3830    .constdata          m_ws.l(cos_i.o)
    0x080046c8   0x000000c8   Data   RO         3848    .constdata          m_ws.l(rred.o)
    0x08004790   0x00000028   Data   RO         3852    .constdata          m_ws.l(sin_i.o)
    0x080047b8   0x00000094   Data   RO         3913    .constdata          c_w.l(bigflt0.o)
    0x0800484c   0x00000020   Data   RO         4084    Region$$Table       anon$$obj.o
    0x0800486c   0x0000001c   Data   RO         3937    locale$$data        c_w.l(lc_numeric_c.o)
    0x08004888   0x00000110   Data   RO         3954    locale$$data        c_w.l(lc_ctype_c.o)


    Execution Region RW_IRAM1 (Base: 0x20000000, Size: 0x000007d8, Max: 0x00005000, ABSOLUTE)

    Base Addr    Size         Type   Attr      Idx    E Section Name        Object

    0x20000000   0x00000006   Data   RW            4    .data               main.o
    0x20000006   0x00000002   PAD
    0x20000008   0x00000014   Data   RW          154    .data               system_stm32f10x.o
    0x2000001c   0x00000014   Data   RW         1747    .data               stm32f10x_rcc.o
    0x20000030   0x00000002   Data   RW         3162    .data               usart2.o
    0x20000032   0x00000002   PAD
    0x20000034   0x00000020   Data   RW         3209    .data               pid.o
    0x20000054   0x00000008   Data   RW         3279    .data               tim.o
    0x2000005c   0x00000004   Data   RW         3322    .data               delay.o
    0x20000060   0x000000c8   Zero   RW         3161    .bss                usart2.o
    0x20000128   0x00000050   Zero   RW         3208    .bss                pid.o
    0x20000178   0x00000060   Zero   RW         3899    .bss                c_w.l(libspace.o)
    0x200001d8   0x00000200   Zero   RW          207    HEAP                startup_stm32f10x_md.o
    0x200003d8   0x00000400   Zero   RW          206    STACK               startup_stm32f10x_md.o


==============================================================================

Image component sizes


      Code (inc. data)   RO Data    RW Data    ZI Data      Debug   Object Name

         2          0          0          0          0        380   adc.o
         0          0          0          0          0         32   core_cm3.o
        68         18          0          4          0        605   delay.o
       156         10          0          6          0     252426   main.o
       172         22          0          0          0       2013   misc.o
       612         66          0         32         80       2598   pid.o
       320         26          0          0          0       1617   pwm.o
       138          6          0          0          0        936   rcc.o
        64         26        236          0       1536        796   startup_stm32f10x_md.o
        52         12          0          0          0       1057   stm32f10x_flash.o
       426          6          0          0          0       3261   stm32f10x_gpio.o
       760        104          0         20          0      11340   stm32f10x_rcc.o
      2396        264          0          0          0      18385   stm32f10x_tim.o
       460          6          0          0          0       6543   stm32f10x_usart.o
       328         28          0         20          0       2049   system_stm32f10x.o
       772        120          0          8          0       2522   tim.o
       334         26          0          2        200       3400   usart2.o

    ----------------------------------------------------------------------
      7082        740        268         96       1816     309960   Object Totals
         0          0         32          0          0          0   (incl. Generated)
        22          0          0          4          0          0   (incl. Padding)

    ----------------------------------------------------------------------

      Code (inc. data)   RO Data    RW Data    ZI Data      Debug   Library Member Name

         8          0          0          0          0         68   __main.o
       392          4         17          0          0         92   __printf_flags_ss_wp.o
        14          0          0          0          0         68   __printf_wp.o
         0          0          0          0          0          0   __rtentry.o
        12          0          0          0          0          0   __rtentry2.o
         6          0          0          0          0          0   __rtentry4.o
        52          8          0          0          0          0   __scatter.o
        26          0          0          0          0          0   __scatter_copy.o
        28          0          0          0          0          0   __scatter_zi.o
         6          0          0          0          0          0   _printf_a.o
         6          0          0          0          0          0   _printf_c.o
        44          0          0          0          0        108   _printf_char.o
        48          6          0          0          0         96   _printf_char_common.o
        40          0          0          0          0         68   _printf_charcount.o
         6          0          0          0          0          0   _printf_d.o
       120         16          0          0          0         92   _printf_dec.o
         6          0          0          0          0          0   _printf_e.o
         6          0          0          0          0          0   _printf_f.o
      1050          0          0          0          0        216   _printf_fp_dec.o
       128         16          0          0          0         84   _printf_fp_infnan.o
         6          0          0          0          0          0   _printf_g.o
       148          4         40          0          0        160   _printf_hex_int_ll_ptr.o
         6          0          0          0          0          0   _printf_i.o
       178          0          0          0          0         88   _printf_intcommon.o
        10          0          0          0          0          0   _printf_l.o
         6          0          0          0          0          0   _printf_lc.o
        10          0          0          0          0          0   _printf_ll.o
         6          0          0          0          0          0   _printf_lld.o
         6          0          0          0          0          0   _printf_lli.o
         6          0          0          0          0          0   _printf_llo.o
         6          0          0          0          0          0   _printf_llu.o
         6          0          0          0          0          0   _printf_llx.o
       124         16          0          0          0         92   _printf_longlong_dec.o
         6          0          0          0          0          0   _printf_ls.o
         6          0          0          0          0          0   _printf_n.o
         6          0          0          0          0          0   _printf_o.o
       112          8          0          0          0        124   _printf_oct_int_ll.o
         6          0          0          0          0          0   _printf_p.o
        78          0          0          0          0        108   _printf_pad.o
         0          0          0          0          0          0   _printf_percent.o
         4          0          0          0          0          0   _printf_percent_end.o
         6          0          0          0          0          0   _printf_s.o
        82          0          0          0          0         80   _printf_str.o
        36          0          0          0          0         84   _printf_truncate.o
         6          0          0          0          0          0   _printf_u.o
        44          0          0          0          0        108   _printf_wchar.o
       188          6          8          0          0         92   _printf_wctomb.o
         6          0          0          0          0          0   _printf_x.o
        22          0          0          0          0        100   _rserrno.o
        16          0          0          0          0         68   _snputc.o
        10          0          0          0          0         68   _sputc.o
        64          0          0          0          0         92   _wcrtomb.o
       220          4        148          0          0         96   bigflt0.o
      1910        128          0          0          0        672   btod.o
        52          4          0          0          0         80   c89vsnprintf.o
        12          0          0          0          0         72   exit.o
         6          0          0          0          0        152   heapauxi.o
         0          0          0          0          0          0   indicate_semi.o
        44         10        272          0          0         76   lc_ctype_c.o
        44         10         28          0          0         76   lc_numeric_c.o
         2          0          0          0          0          0   libinit.o
        30          0          0          0          0          0   libinit2.o
         2          0          0          0          0          0   libshutdown.o
         2          0          0          0          0          0   libshutdown2.o
         8          4          0          0         96         68   libspace.o
       138          0          0          0          0         80   lludiv10.o
        16          4          0          0          0         76   rt_ctype_table.o
         8          4          0          0          0         68   rt_errno_addr_intlibspace.o
         8          4          0          0          0         68   rt_locale_intlibspace.o
         2          0          0          0          0          0   rtexit.o
        10          0          0          0          0          0   rtexit2.o
       128          0          0          0          0         68   strcmpv7m.o
        12          4          0          0          0         68   sys_exit.o
        74          0          0          0          0         80   sys_stackheap_outer.o
         2          0          0          0          0         68   use_no_semi.o
       826         16          0          0          0        348   daddsub_clz.o
        16          4          0          0          0         68   dcheck1.o
        24          0          0          0          0         68   dcmpi.o
       688        140          0          0          0        208   ddiv.o
       120          4          0          0          0         92   deqf.o
        94          4          0          0          0         92   dfix.o
        90          4          0          0          0         92   dfixu.o
        84          0          0          0          0        136   dflt_clz.o
       120          4          0          0          0         92   dleqf.o
       340         12          0          0          0        104   dmul.o
       156          4          0          0          0         92   dnaninf.o
        12          0          0          0          0         68   dretinf.o
       108          0          0          0          0         80   drleqf.o
         4          0          0          0          0         68   printf1.o
       100          0          0          0          0         68   retnan.o
        92          0          0          0          0         68   scalbn.o
        48          0          0          0          0         68   trapv.o
         0          0          0          0          0          0   usenofp.o
       252         22         48          0          0        124   cos_i.o
        34          6          0          0          0        204   dunder.o
        40          0          0          0          0         68   fpclassify.o
       170          0          0          0          0         96   poly.o
       904         76        200          0          0        140   rred.o
       160         10          0          0          0        108   sin.o
       236         12         40          0          0        128   sin_i.o

    ----------------------------------------------------------------------
     10686        578        804          0         96       6704   Library Totals
        24          0          3          0          0          0   (incl. Padding)

    ----------------------------------------------------------------------

      Code (inc. data)   RO Data    RW Data    ZI Data      Debug   Library Name

      5944        260        513          0         96       4024   c_w.l
      2922        192          0          0          0       1812   fz_ws.l
      1796        126        288          0          0        868   m_ws.l

    ----------------------------------------------------------------------
     10686        578        804          0         96       6704   Library Totals

    ----------------------------------------------------------------------

==============================================================================


      Code (inc. data)   RO Data    RW Data    ZI Data      Debug   

     17768       1318       1072         96       1912     308860   Grand Totals
     17768       1318       1072         96       1912     308860   ELF Image Totals
     17768       1318       1072         96          0          0   ROM Totals

==============================================================================

    Total RO  Size (Code + RO Data)                18840 (  18.40kB)
    Total RW  Size (RW Data + ZI Data)              2008 (   1.96kB)
    Total ROM Size (Code + RO Data + RW Data)      18936 (  18.49kB)

==============================================================================

