<html>
<body>
<pre>
<h1>礦ision Build Log</h1>
<h2>Tool Versions:</h2>
IDE-Version: μVision V5.14.0.0
Copyright (C) 2015 ARM Ltd and ARM Germany GmbH. All rights reserved.
License Information: tankor ll, Microsoft, LIC=3XJJJ-UF8XY-7IU50-BEHS2-FX8R1-N7UPR
 
Tool Versions:
Toolchain:       MDK-ARM Basic (256K)  Version: 5.14.0.0
Toolchain Path:  C:\Keil_v5\ARM\ARMCC\Bin
C Compiler:      Armcc.exe V5.05 update 1 (build 106)
Assembler:       Armasm.exe V5.05 update 1 (build 106)
Linker/Locator:  ArmLink.exe V5.05 update 1 (build 106)
Library Manager: ArmAr.exe V5.05 update 1 (build 106)
Hex Converter:   FromElf.exe V5.05 update 1 (build 106)
CPU DLL:         SARMCM3.DLL V5.14.0.0
Dialog DLL:      DARMSTM.DLL V1.65.0.0
Target DLL:      UL2CM3.DLL V1.155.0.0
Dialog DLL:      TARMSTM.DLL V1.64.0.0
 
<h2>Project:</h2>
E:\BaiduYunDownload\矢量控制2.0开发板资料--498 - 5.0 - 0312\程序\BLDC PMSM2 无霍尔LCD程序-0921\BLDC PMSM2 - 1\BLDC PMSM2\RVMDK\STM32_FOC_PMSM.uvproj
Project File Date:  09/23/2015

<h2>Output:</h2>
Rebuild target 'BOOT_FLASH'
Clean started - Project: 'STM32_FOC_PMSM'
   deleting intermediate output files for target 'BOOT_FLASH'
assembling stm32f10x_vector.s...
assembling cortexm3_macro.s...
compiling stm32f10x_it.c...
compiling main.c...
..\src\main.c(118): warning:  #223-D: function "LcdReset" declared implicitly
        LcdReset();
..\src\main.c(127): warning:  #223-D: function "KeyProc" declared implicitly
     KeyProc();
..\src\main.c(128): warning:  #223-D: function "Timeproc" declared implicitly
        Timeproc(); 
..\src\main.c: 3 warnings, 0 errors
compiling MC_Clarke_Park.c...
compiling MC_FOC_Drive.c...
compiling MC_MotorControl_Layer.c...
..\src\MC_MotorControl_Layer.c(284): warning:  #550-D: variable "bStatus" was set but never used
    bool bStatus;
..\src\MC_MotorControl_Layer.c: 1 warning, 0 errors
compiling MC_Globals.c...
compiling MC_PID_regulators.c...
compiling MC_State_Observer_Interface.c...
compiling MC_Keys.c...
compiling MC_Display.c...
compiling stm32f10x_encoder.c...
compiling stm32f10x_hall.c...
compiling stm32f10x_Timebase.c...
compiling stm32f10x_MCdac.c...
compiling stm32f10x_svpwm_3shunt.c...
compiling stm32f10x_svpwm_ics.c...
compiling stm32f10x_svpwm_1shunt.c...
compiling stm32_2.8_lcd.c...
compiling Key.c...
compiling DISPLAY.c...
..\src\DISPLAY.c(247): warning:  #223-D: function "STO_Get_Speed_Hz" declared implicitly
        ShowNum((s16)(STO_Get_Speed_Hz() * 6),5,0,1,127);
..\src\DISPLAY.c(285): warning:  #223-D: function "STO_Get_Speed_Hz" declared implicitly
                ShowNum((s16)(STO_Get_Speed_Hz() * 6),4,0,1,127);
..\src\DISPLAY.c: 2 warnings, 0 errors
compiling stm32f10x_wwdg.c...
compiling stm32f10x_adc.c...
compiling stm32f10x_bkp.c...
compiling stm32f10x_can.c...
compiling stm32f10x_dma.c...
compiling stm32f10x_exti.c...
compiling stm32f10x_flash.c...
compiling stm32f10x_gpio.c...
compiling stm32f10x_i2c.c...
compiling stm32f10x_iwdg.c...
compiling stm32f10x_lib.c...
compiling stm32f10x_nvic.c...
compiling stm32f10x_pwr.c...
compiling stm32f10x_rcc.c...
compiling stm32f10x_rtc.c...
compiling stm32f10x_spi.c...
compiling stm32f10x_systick.c...
compiling stm32f10x_tim.c...
compiling stm32f10x_usart.c...
compiling stm32f10x_dbgmcu.c...
compiling stm32f10x_fsmc.c...
linking...
Program Size: Code=15436 RO-data=1160 RW-data=200 ZI-data=2288  
".\Obj\BOOT_FLASH.axf" - 0 Error(s), 6 Warning(s).

*** Performing Cross-Module-Optimization:
compiling MC_MotorControl_Layer.c...
..\src\MC_MotorControl_Layer.c(284): warning:  #550-D: variable "bStatus" was set but never used
    bool bStatus;
..\src\MC_MotorControl_Layer.c: 1 warning, 0 errors
compiling MC_PID_regulators.c...
compiling MC_State_Observer_Interface.c...
compiling MC_Keys.c...
compiling MC_Display.c...
compiling stm32f10x_encoder.c...
compiling stm32f10x_hall.c...
compiling stm32f10x_Timebase.c...
compiling stm32f10x_MCdac.c...
compiling stm32f10x_svpwm_3shunt.c...
compiling stm32_2.8_lcd.c...
compiling Key.c...
compiling DISPLAY.c...
..\src\DISPLAY.c(247): warning:  #223-D: function "STO_Get_Speed_Hz" declared implicitly
        ShowNum((s16)(STO_Get_Speed_Hz() * 6),5,0,1,127);
..\src\DISPLAY.c(285): warning:  #223-D: function "STO_Get_Speed_Hz" declared implicitly
                ShowNum((s16)(STO_Get_Speed_Hz() * 6),4,0,1,127);
..\src\DISPLAY.c: 2 warnings, 0 errors
compiling stm32f10x_wwdg.c...
compiling stm32f10x_adc.c...
compiling stm32f10x_bkp.c...
compiling stm32f10x_can.c...
compiling stm32f10x_dma.c...
compiling stm32f10x_exti.c...
compiling stm32f10x_flash.c...
compiling stm32f10x_gpio.c...
compiling stm32f10x_i2c.c...
compiling stm32f10x_iwdg.c...
compiling stm32f10x_nvic.c...
compiling stm32f10x_pwr.c...
compiling stm32f10x_rcc.c...
compiling stm32f10x_rtc.c...
compiling stm32f10x_spi.c...
compiling stm32f10x_systick.c...
compiling stm32f10x_tim.c...
compiling stm32f10x_usart.c...
compiling stm32f10x_dbgmcu.c...
compiling stm32f10x_fsmc.c...
linking...
Program Size: Code=15436 RO-data=1160 RW-data=200 ZI-data=2288  
FromELF: creating hex file...
".\Obj\BOOT_FLASH.axf" - 0 Error(s), 3 Warning(s).
*** Completed Cross-Module-Optimization after 2 iteration(s).
</pre>
</body>
</html>
